[2025-11-02T10:23:08.477+0000] {taskinstance.py:1956} INFO - Dependencies all met for dep_context=non-requeueable deps ti=<TaskInstance: dag_dbt_pipeline.dbt_run scheduled__2025-11-01T00:00:00+00:00 [queued]>
[2025-11-02T10:23:08.659+0000] {taskinstance.py:1956} INFO - Dependencies all met for dep_context=requeueable deps ti=<TaskInstance: dag_dbt_pipeline.dbt_run scheduled__2025-11-01T00:00:00+00:00 [queued]>
[2025-11-02T10:23:08.665+0000] {taskinstance.py:2170} INFO - Starting attempt 1 of 2
[2025-11-02T10:23:08.923+0000] {taskinstance.py:2191} INFO - Executing <Task(BashOperator): dbt_run> on 2025-11-01 00:00:00+00:00
[2025-11-02T10:23:08.989+0000] {standard_task_runner.py:60} INFO - Started process 112 to run task
[2025-11-02T10:23:09.262+0000] {standard_task_runner.py:87} INFO - Running: ['***', 'tasks', 'run', 'dag_dbt_pipeline', 'dbt_run', 'scheduled__2025-11-01T00:00:00+00:00', '--job-id', '379', '--raw', '--subdir', 'DAGS_FOLDER/dbt_local_dag.py', '--cfg-path', '/tmp/tmp7s8jj8aw']
[2025-11-02T10:23:09.374+0000] {standard_task_runner.py:88} INFO - Job 379: Subtask dbt_run
[2025-11-02T10:23:11.967+0000] {task_command.py:423} INFO - Running <TaskInstance: dag_dbt_pipeline.dbt_run scheduled__2025-11-01T00:00:00+00:00 [running]> on host 257bb6028ed5
[2025-11-02T10:23:16.287+0000] {taskinstance.py:2480} INFO - Exporting env vars: AIRFLOW_CTX_DAG_OWNER='winardi' AIRFLOW_CTX_DAG_ID='dag_dbt_pipeline' AIRFLOW_CTX_TASK_ID='dbt_run' AIRFLOW_CTX_EXECUTION_DATE='2025-11-01T00:00:00+00:00' AIRFLOW_CTX_TRY_NUMBER='1' AIRFLOW_CTX_DAG_RUN_ID='scheduled__2025-11-01T00:00:00+00:00'
[2025-11-02T10:23:16.473+0000] {subprocess.py:63} INFO - Tmp dir root location: /tmp
[2025-11-02T10:23:16.761+0000] {subprocess.py:75} INFO - Running command: ['/usr/bin/bash', '-c', '\n            cd /opt/***/include/dbt/dbt_project &&             dbt run --profiles-dir /home/***/.dbt --target dev\n        ']
[2025-11-02T10:23:17.060+0000] {subprocess.py:86} INFO - Output:
[2025-11-02T10:24:22.522+0000] {subprocess.py:93} INFO - [0m10:24:22  Running with dbt=1.9.0-b2
[2025-11-02T10:24:23.959+0000] {subprocess.py:93} INFO - [0m10:24:23  Registered adapter: postgres=1.8.2
[2025-11-02T10:24:27.745+0000] {subprocess.py:93} INFO - [0m10:24:27  Found 5 models, 16 data tests, 1 source, 423 macros
[2025-11-02T10:24:27.765+0000] {subprocess.py:93} INFO - [0m10:24:27
[2025-11-02T10:24:27.768+0000] {subprocess.py:93} INFO - [0m10:24:27  Concurrency: 1 threads (target='dev')
[2025-11-02T10:24:27.771+0000] {subprocess.py:93} INFO - [0m10:24:27
[2025-11-02T10:24:29.328+0000] {subprocess.py:93} INFO - [0m10:24:29  1 of 5 START sql table model datamart.dim_card_holder .......................... [RUN]
[2025-11-02T10:24:33.219+0000] {subprocess.py:93} INFO - [0m10:24:33  1 of 5 OK created sql table model datamart.dim_card_holder ..................... [[32mSELECT 10000[0m in 3.87s]
[2025-11-02T10:24:33.249+0000] {subprocess.py:93} INFO - [0m10:24:33  2 of 5 START sql table model datamart.dim_corridor ............................. [RUN]
[2025-11-02T10:24:37.129+0000] {subprocess.py:93} INFO - [0m10:24:37  2 of 5 OK created sql table model datamart.dim_corridor ........................ [[32mSELECT 221[0m in 3.86s]
[2025-11-02T10:24:37.136+0000] {subprocess.py:93} INFO - [0m10:24:37  3 of 5 START sql table model datamart.dim_stop ................................. [RUN]
[2025-11-02T10:24:38.654+0000] {subprocess.py:93} INFO - [0m10:24:38  3 of 5 OK created sql table model datamart.dim_stop ............................ [[32mSELECT 5851[0m in 1.51s]
[2025-11-02T10:24:38.663+0000] {subprocess.py:93} INFO - [0m10:24:38  4 of 5 START sql table model datamart.dim_time ................................. [RUN]
[2025-11-02T10:24:45.351+0000] {subprocess.py:93} INFO - [0m10:24:45  4 of 5 OK created sql table model datamart.dim_time ............................ [[32mSELECT 27836[0m in 6.68s]
[2025-11-02T10:24:45.362+0000] {subprocess.py:93} INFO - [0m10:24:45  5 of 5 START sql incremental model datamart.fact_transactions .................. [RUN]
[2025-11-02T10:24:50.030+0000] {subprocess.py:93} INFO - [0m10:24:50  5 of 5 OK created sql incremental model datamart.fact_transactions ............. [[32mINSERT 0 2[0m in 4.64s]
[2025-11-02T10:24:46.027+0000] {subprocess.py:93} INFO - [0m10:24:46
[2025-11-02T10:24:46.031+0000] {subprocess.py:93} INFO - [0m10:24:46  Finished running 1 incremental model, 4 table models in 0 hours 0 minutes and 18.25 seconds (18.25s).
[2025-11-02T10:24:53.498+0000] {subprocess.py:93} INFO - [0m10:24:53
[2025-11-02T10:24:53.504+0000] {subprocess.py:93} INFO - [0m10:24:53  [32mCompleted successfully[0m
[2025-11-02T10:24:53.506+0000] {subprocess.py:93} INFO - [0m10:24:53
[2025-11-02T10:24:53.510+0000] {subprocess.py:93} INFO - [0m10:24:53  Done. PASS=5 WARN=0 ERROR=0 SKIP=0 TOTAL=5
[2025-11-02T10:24:56.280+0000] {subprocess.py:97} INFO - Command exited with return code 0
[2025-11-02T10:24:56.369+0000] {taskinstance.py:1138} INFO - Marking task as SUCCESS. dag_id=dag_dbt_pipeline, task_id=dbt_run, execution_date=20251101T000000, start_date=20251102T102308, end_date=20251102T102456
[2025-11-02T10:24:56.489+0000] {local_task_job_runner.py:234} INFO - Task exited with return code 0
[2025-11-02T10:24:56.575+0000] {taskinstance.py:3280} INFO - 1 downstream tasks scheduled from follow-on schedule check
