[2025-11-01T01:38:51.095+0000] {taskinstance.py:1956} INFO - Dependencies all met for dep_context=non-requeueable deps ti=<TaskInstance: dag_dbt_pipeline.dbt_run scheduled__2025-10-31T00:00:00+00:00 [queued]>
[2025-11-01T01:38:51.293+0000] {taskinstance.py:1956} INFO - Dependencies all met for dep_context=requeueable deps ti=<TaskInstance: dag_dbt_pipeline.dbt_run scheduled__2025-10-31T00:00:00+00:00 [queued]>
[2025-11-01T01:38:51.294+0000] {taskinstance.py:2170} INFO - Starting attempt 1 of 2
[2025-11-01T01:38:51.781+0000] {taskinstance.py:2191} INFO - Executing <Task(BashOperator): dbt_run> on 2025-10-31 00:00:00+00:00
[2025-11-01T01:38:51.932+0000] {standard_task_runner.py:60} INFO - Started process 104 to run task
[2025-11-01T01:38:52.015+0000] {standard_task_runner.py:87} INFO - Running: ['***', 'tasks', 'run', 'dag_dbt_pipeline', 'dbt_run', 'scheduled__2025-10-31T00:00:00+00:00', '--job-id', '373', '--raw', '--subdir', 'DAGS_FOLDER/dbt_local_dag.py', '--cfg-path', '/tmp/tmp_rvfafol']
[2025-11-01T01:38:52.092+0000] {standard_task_runner.py:88} INFO - Job 373: Subtask dbt_run
[2025-11-01T01:38:53.068+0000] {task_command.py:423} INFO - Running <TaskInstance: dag_dbt_pipeline.dbt_run scheduled__2025-10-31T00:00:00+00:00 [running]> on host 257bb6028ed5
[2025-11-01T01:38:57.957+0000] {taskinstance.py:2480} INFO - Exporting env vars: AIRFLOW_CTX_DAG_OWNER='winardi' AIRFLOW_CTX_DAG_ID='dag_dbt_pipeline' AIRFLOW_CTX_TASK_ID='dbt_run' AIRFLOW_CTX_EXECUTION_DATE='2025-10-31T00:00:00+00:00' AIRFLOW_CTX_TRY_NUMBER='1' AIRFLOW_CTX_DAG_RUN_ID='scheduled__2025-10-31T00:00:00+00:00'
[2025-11-01T01:38:57.978+0000] {subprocess.py:63} INFO - Tmp dir root location: /tmp
[2025-11-01T01:38:58.026+0000] {subprocess.py:75} INFO - Running command: ['/usr/bin/bash', '-c', '\n            cd /opt/***/include/dbt/dbt_project &&             dbt run --profiles-dir /home/***/.dbt --target dev\n        ']
[2025-11-01T01:38:58.832+0000] {subprocess.py:86} INFO - Output:
[2025-11-01T01:41:06.549+0000] {subprocess.py:93} INFO - [0m01:41:06  Running with dbt=1.9.0-b2
[2025-11-01T01:41:14.787+0000] {subprocess.py:93} INFO - [0m01:41:14  Registered adapter: postgres=1.8.2
[2025-11-01T01:41:22.951+0000] {subprocess.py:93} INFO - [0m01:41:22  Found 5 models, 16 data tests, 1 source, 423 macros
[2025-11-01T01:41:22.967+0000] {subprocess.py:93} INFO - [0m01:41:22
[2025-11-01T01:41:22.979+0000] {subprocess.py:93} INFO - [0m01:41:22  Concurrency: 1 threads (target='dev')
[2025-11-01T01:41:22.982+0000] {subprocess.py:93} INFO - [0m01:41:22
[2025-11-01T01:41:24.385+0000] {subprocess.py:93} INFO - [0m01:41:24  1 of 5 START sql table model datamart.dim_card_holder .......................... [RUN]
[2025-11-01T01:41:26.433+0000] {subprocess.py:93} INFO - [0m01:41:26  1 of 5 OK created sql table model datamart.dim_card_holder ..................... [[32mSELECT 10000[0m in 2.03s]
[2025-11-01T01:41:31.172+0000] {subprocess.py:93} INFO - [0m01:41:31  2 of 5 START sql table model datamart.dim_corridor ............................. [RUN]
[2025-11-01T01:41:36.357+0000] {subprocess.py:93} INFO - [0m01:41:36  2 of 5 OK created sql table model datamart.dim_corridor ........................ [[32mSELECT 221[0m in 5.13s]
[2025-11-01T01:41:36.361+0000] {subprocess.py:93} INFO - [0m01:41:36  3 of 5 START sql table model datamart.dim_stop ................................. [RUN]
[2025-11-01T01:41:38.449+0000] {subprocess.py:93} INFO - [0m01:41:38  3 of 5 OK created sql table model datamart.dim_stop ............................ [[32mSELECT 5851[0m in 2.05s]
[2025-11-01T01:41:38.471+0000] {subprocess.py:93} INFO - [0m01:41:38  4 of 5 START sql table model datamart.dim_time ................................. [RUN]
[2025-11-01T01:41:44.947+0000] {subprocess.py:93} INFO - [0m01:41:44  4 of 5 OK created sql table model datamart.dim_time ............................ [[32mSELECT 27836[0m in 6.45s]
[2025-11-01T01:41:45.013+0000] {subprocess.py:93} INFO - [0m01:41:45  5 of 5 START sql incremental model datamart.fact_transactions .................. [RUN]
[2025-11-01T01:41:51.263+0000] {subprocess.py:93} INFO - [0m01:41:51  5 of 5 OK created sql incremental model datamart.fact_transactions ............. [[32mINSERT 0 2[0m in 6.19s]
[2025-11-01T01:41:51.363+0000] {subprocess.py:93} INFO - [0m01:41:51
[2025-11-01T01:41:51.368+0000] {subprocess.py:93} INFO - [0m01:41:51  Finished running 1 incremental model, 4 table models in 0 hours 0 minutes and 28.37 seconds (28.37s).
[2025-11-01T01:41:51.793+0000] {subprocess.py:93} INFO - [0m01:41:51
[2025-11-01T01:41:51.795+0000] {subprocess.py:93} INFO - [0m01:41:51  [32mCompleted successfully[0m
[2025-11-01T01:41:51.801+0000] {subprocess.py:93} INFO - [0m01:41:51
[2025-11-01T01:41:51.809+0000] {subprocess.py:93} INFO - [0m01:41:51  Done. PASS=5 WARN=0 ERROR=0 SKIP=0 TOTAL=5
[2025-11-01T01:41:55.733+0000] {subprocess.py:97} INFO - Command exited with return code 0
[2025-11-01T01:41:57.977+0000] {taskinstance.py:1138} INFO - Marking task as SUCCESS. dag_id=dag_dbt_pipeline, task_id=dbt_run, execution_date=20251031T000000, start_date=20251101T013851, end_date=20251101T014157
[2025-11-01T01:41:59.470+0000] {local_task_job_runner.py:234} INFO - Task exited with return code 0
[2025-11-01T01:42:00.925+0000] {taskinstance.py:3280} INFO - 0 downstream tasks scheduled from follow-on schedule check
