[2025-11-02T14:23:54.099+0000] {processor.py:161} INFO - Started process (PID=5295) to work on /opt/airflow/dags/dag_dbt_pipeline.py
[2025-11-02T14:23:54.102+0000] {processor.py:830} INFO - Processing file /opt/airflow/dags/dag_dbt_pipeline.py for tasks to queue
[2025-11-02T14:23:54.105+0000] {logging_mixin.py:188} INFO - [2025-11-02T14:23:54.104+0000] {dagbag.py:538} INFO - Filling up the DagBag from /opt/airflow/dags/dag_dbt_pipeline.py
[2025-11-02T14:23:54.208+0000] {processor.py:840} INFO - DAG(s) 'dag_dbt_pipeline' retrieved from /opt/airflow/dags/dag_dbt_pipeline.py
[2025-11-02T14:23:56.174+0000] {logging_mixin.py:188} INFO - [2025-11-02T14:23:56.164+0000] {dag.py:3036} INFO - Sync 1 DAGs
[2025-11-02T14:23:56.432+0000] {logging_mixin.py:188} INFO - [2025-11-02T14:23:56.432+0000] {dag.py:3823} INFO - Setting next_dagrun for dag_dbt_pipeline to 2025-11-02 00:00:00+00:00, run_after=2025-11-03 00:00:00+00:00
[2025-11-02T14:23:56.880+0000] {processor.py:183} INFO - Processing /opt/airflow/dags/dag_dbt_pipeline.py took 2.792 seconds
[2025-11-02T14:24:27.783+0000] {processor.py:161} INFO - Started process (PID=5309) to work on /opt/airflow/dags/dag_dbt_pipeline.py
[2025-11-02T14:24:27.797+0000] {processor.py:830} INFO - Processing file /opt/airflow/dags/dag_dbt_pipeline.py for tasks to queue
[2025-11-02T14:24:27.800+0000] {logging_mixin.py:188} INFO - [2025-11-02T14:24:27.799+0000] {dagbag.py:538} INFO - Filling up the DagBag from /opt/airflow/dags/dag_dbt_pipeline.py
[2025-11-02T14:24:27.928+0000] {processor.py:840} INFO - DAG(s) 'dag_dbt_pipeline' retrieved from /opt/airflow/dags/dag_dbt_pipeline.py
[2025-11-02T14:24:28.117+0000] {logging_mixin.py:188} INFO - [2025-11-02T14:24:28.117+0000] {dag.py:3036} INFO - Sync 1 DAGs
[2025-11-02T14:24:28.339+0000] {logging_mixin.py:188} INFO - [2025-11-02T14:24:28.339+0000] {dag.py:3823} INFO - Setting next_dagrun for dag_dbt_pipeline to 2025-11-02 00:00:00+00:00, run_after=2025-11-03 00:00:00+00:00
[2025-11-02T14:24:28.454+0000] {processor.py:183} INFO - Processing /opt/airflow/dags/dag_dbt_pipeline.py took 0.685 seconds
[2025-11-02T14:24:59.890+0000] {processor.py:161} INFO - Started process (PID=5319) to work on /opt/airflow/dags/dag_dbt_pipeline.py
[2025-11-02T14:24:59.893+0000] {processor.py:830} INFO - Processing file /opt/airflow/dags/dag_dbt_pipeline.py for tasks to queue
[2025-11-02T14:24:59.904+0000] {logging_mixin.py:188} INFO - [2025-11-02T14:24:59.904+0000] {dagbag.py:538} INFO - Filling up the DagBag from /opt/airflow/dags/dag_dbt_pipeline.py
[2025-11-02T14:25:00.042+0000] {processor.py:840} INFO - DAG(s) 'dag_dbt_pipeline' retrieved from /opt/airflow/dags/dag_dbt_pipeline.py
[2025-11-02T14:25:00.142+0000] {logging_mixin.py:188} INFO - [2025-11-02T14:25:00.141+0000] {dag.py:3036} INFO - Sync 1 DAGs
[2025-11-02T14:25:00.549+0000] {logging_mixin.py:188} INFO - [2025-11-02T14:25:00.546+0000] {dag.py:3823} INFO - Setting next_dagrun for dag_dbt_pipeline to 2025-11-02 00:00:00+00:00, run_after=2025-11-03 00:00:00+00:00
[2025-11-02T14:25:00.782+0000] {processor.py:183} INFO - Processing /opt/airflow/dags/dag_dbt_pipeline.py took 0.917 seconds
[2025-11-02T14:25:33.522+0000] {processor.py:161} INFO - Started process (PID=5331) to work on /opt/airflow/dags/dag_dbt_pipeline.py
[2025-11-02T14:25:33.525+0000] {processor.py:830} INFO - Processing file /opt/airflow/dags/dag_dbt_pipeline.py for tasks to queue
[2025-11-02T14:25:33.535+0000] {logging_mixin.py:188} INFO - [2025-11-02T14:25:33.527+0000] {dagbag.py:538} INFO - Filling up the DagBag from /opt/airflow/dags/dag_dbt_pipeline.py
[2025-11-02T14:25:33.640+0000] {processor.py:840} INFO - DAG(s) 'dag_dbt_pipeline' retrieved from /opt/airflow/dags/dag_dbt_pipeline.py
[2025-11-02T14:25:33.764+0000] {logging_mixin.py:188} INFO - [2025-11-02T14:25:33.764+0000] {dag.py:3036} INFO - Sync 1 DAGs
[2025-11-02T14:25:33.909+0000] {logging_mixin.py:188} INFO - [2025-11-02T14:25:33.908+0000] {dag.py:3823} INFO - Setting next_dagrun for dag_dbt_pipeline to 2025-11-02 00:00:00+00:00, run_after=2025-11-03 00:00:00+00:00
[2025-11-02T14:25:34.056+0000] {processor.py:183} INFO - Processing /opt/airflow/dags/dag_dbt_pipeline.py took 0.564 seconds
[2025-11-02T14:26:06.895+0000] {processor.py:161} INFO - Started process (PID=5343) to work on /opt/airflow/dags/dag_dbt_pipeline.py
[2025-11-02T14:26:06.904+0000] {processor.py:830} INFO - Processing file /opt/airflow/dags/dag_dbt_pipeline.py for tasks to queue
[2025-11-02T14:26:06.911+0000] {logging_mixin.py:188} INFO - [2025-11-02T14:26:06.908+0000] {dagbag.py:538} INFO - Filling up the DagBag from /opt/airflow/dags/dag_dbt_pipeline.py
[2025-11-02T14:26:06.974+0000] {processor.py:840} INFO - DAG(s) 'dag_dbt_pipeline' retrieved from /opt/airflow/dags/dag_dbt_pipeline.py
[2025-11-02T14:26:07.219+0000] {logging_mixin.py:188} INFO - [2025-11-02T14:26:07.218+0000] {dag.py:3036} INFO - Sync 1 DAGs
[2025-11-02T14:26:07.341+0000] {logging_mixin.py:188} INFO - [2025-11-02T14:26:07.340+0000] {dag.py:3823} INFO - Setting next_dagrun for dag_dbt_pipeline to 2025-11-02 00:00:00+00:00, run_after=2025-11-03 00:00:00+00:00
[2025-11-02T14:26:07.497+0000] {processor.py:183} INFO - Processing /opt/airflow/dags/dag_dbt_pipeline.py took 0.618 seconds
[2025-11-02T14:26:40.847+0000] {processor.py:161} INFO - Started process (PID=5355) to work on /opt/airflow/dags/dag_dbt_pipeline.py
[2025-11-02T14:26:40.872+0000] {processor.py:830} INFO - Processing file /opt/airflow/dags/dag_dbt_pipeline.py for tasks to queue
[2025-11-02T14:26:40.880+0000] {logging_mixin.py:188} INFO - [2025-11-02T14:26:40.880+0000] {dagbag.py:538} INFO - Filling up the DagBag from /opt/airflow/dags/dag_dbt_pipeline.py
[2025-11-02T14:26:41.086+0000] {processor.py:840} INFO - DAG(s) 'dag_dbt_pipeline' retrieved from /opt/airflow/dags/dag_dbt_pipeline.py
[2025-11-02T14:26:41.510+0000] {logging_mixin.py:188} INFO - [2025-11-02T14:26:41.510+0000] {dag.py:3036} INFO - Sync 1 DAGs
[2025-11-02T14:26:41.897+0000] {logging_mixin.py:188} INFO - [2025-11-02T14:26:41.896+0000] {dag.py:3823} INFO - Setting next_dagrun for dag_dbt_pipeline to 2025-11-02 00:00:00+00:00, run_after=2025-11-03 00:00:00+00:00
[2025-11-02T14:26:42.303+0000] {processor.py:183} INFO - Processing /opt/airflow/dags/dag_dbt_pipeline.py took 1.475 seconds
[2025-11-02T14:27:13.906+0000] {processor.py:161} INFO - Started process (PID=5367) to work on /opt/airflow/dags/dag_dbt_pipeline.py
[2025-11-02T14:27:13.939+0000] {processor.py:830} INFO - Processing file /opt/airflow/dags/dag_dbt_pipeline.py for tasks to queue
[2025-11-02T14:27:13.972+0000] {logging_mixin.py:188} INFO - [2025-11-02T14:27:13.971+0000] {dagbag.py:538} INFO - Filling up the DagBag from /opt/airflow/dags/dag_dbt_pipeline.py
[2025-11-02T14:27:14.176+0000] {processor.py:840} INFO - DAG(s) 'dag_dbt_pipeline' retrieved from /opt/airflow/dags/dag_dbt_pipeline.py
[2025-11-02T14:27:14.353+0000] {logging_mixin.py:188} INFO - [2025-11-02T14:27:14.353+0000] {dag.py:3036} INFO - Sync 1 DAGs
[2025-11-02T14:27:14.557+0000] {logging_mixin.py:188} INFO - [2025-11-02T14:27:14.556+0000] {dag.py:3823} INFO - Setting next_dagrun for dag_dbt_pipeline to 2025-11-02 00:00:00+00:00, run_after=2025-11-03 00:00:00+00:00
[2025-11-02T14:27:14.769+0000] {processor.py:183} INFO - Processing /opt/airflow/dags/dag_dbt_pipeline.py took 0.892 seconds
[2025-11-02T14:27:46.913+0000] {processor.py:161} INFO - Started process (PID=5379) to work on /opt/airflow/dags/dag_dbt_pipeline.py
[2025-11-02T14:27:46.917+0000] {processor.py:830} INFO - Processing file /opt/airflow/dags/dag_dbt_pipeline.py for tasks to queue
[2025-11-02T14:27:46.920+0000] {logging_mixin.py:188} INFO - [2025-11-02T14:27:46.919+0000] {dagbag.py:538} INFO - Filling up the DagBag from /opt/airflow/dags/dag_dbt_pipeline.py
[2025-11-02T14:27:47.026+0000] {processor.py:840} INFO - DAG(s) 'dag_dbt_pipeline' retrieved from /opt/airflow/dags/dag_dbt_pipeline.py
[2025-11-02T14:27:47.131+0000] {logging_mixin.py:188} INFO - [2025-11-02T14:27:47.131+0000] {dag.py:3036} INFO - Sync 1 DAGs
[2025-11-02T14:27:47.255+0000] {logging_mixin.py:188} INFO - [2025-11-02T14:27:47.244+0000] {dag.py:3823} INFO - Setting next_dagrun for dag_dbt_pipeline to 2025-11-02 00:00:00+00:00, run_after=2025-11-03 00:00:00+00:00
[2025-11-02T14:27:47.369+0000] {processor.py:183} INFO - Processing /opt/airflow/dags/dag_dbt_pipeline.py took 0.470 seconds
[2025-11-02T14:28:20.957+0000] {processor.py:161} INFO - Started process (PID=5391) to work on /opt/airflow/dags/dag_dbt_pipeline.py
[2025-11-02T14:28:20.960+0000] {processor.py:830} INFO - Processing file /opt/airflow/dags/dag_dbt_pipeline.py for tasks to queue
[2025-11-02T14:28:20.962+0000] {logging_mixin.py:188} INFO - [2025-11-02T14:28:20.961+0000] {dagbag.py:538} INFO - Filling up the DagBag from /opt/airflow/dags/dag_dbt_pipeline.py
[2025-11-02T14:28:21.004+0000] {processor.py:840} INFO - DAG(s) 'dag_dbt_pipeline' retrieved from /opt/airflow/dags/dag_dbt_pipeline.py
[2025-11-02T14:28:21.049+0000] {logging_mixin.py:188} INFO - [2025-11-02T14:28:21.048+0000] {dag.py:3036} INFO - Sync 1 DAGs
[2025-11-02T14:28:21.144+0000] {logging_mixin.py:188} INFO - [2025-11-02T14:28:21.127+0000] {dag.py:3823} INFO - Setting next_dagrun for dag_dbt_pipeline to 2025-11-02 00:00:00+00:00, run_after=2025-11-03 00:00:00+00:00
[2025-11-02T14:28:21.215+0000] {processor.py:183} INFO - Processing /opt/airflow/dags/dag_dbt_pipeline.py took 0.267 seconds
[2025-11-02T14:28:53.458+0000] {processor.py:161} INFO - Started process (PID=5403) to work on /opt/airflow/dags/dag_dbt_pipeline.py
[2025-11-02T14:28:53.460+0000] {processor.py:830} INFO - Processing file /opt/airflow/dags/dag_dbt_pipeline.py for tasks to queue
[2025-11-02T14:28:53.462+0000] {logging_mixin.py:188} INFO - [2025-11-02T14:28:53.462+0000] {dagbag.py:538} INFO - Filling up the DagBag from /opt/airflow/dags/dag_dbt_pipeline.py
[2025-11-02T14:28:53.505+0000] {processor.py:840} INFO - DAG(s) 'dag_dbt_pipeline' retrieved from /opt/airflow/dags/dag_dbt_pipeline.py
[2025-11-02T14:28:53.565+0000] {logging_mixin.py:188} INFO - [2025-11-02T14:28:53.564+0000] {dag.py:3036} INFO - Sync 1 DAGs
[2025-11-02T14:28:53.669+0000] {logging_mixin.py:188} INFO - [2025-11-02T14:28:53.668+0000] {dag.py:3823} INFO - Setting next_dagrun for dag_dbt_pipeline to 2025-11-02 00:00:00+00:00, run_after=2025-11-03 00:00:00+00:00
[2025-11-02T14:28:54.016+0000] {processor.py:183} INFO - Processing /opt/airflow/dags/dag_dbt_pipeline.py took 0.567 seconds
[2025-11-02T14:29:26.834+0000] {processor.py:161} INFO - Started process (PID=5415) to work on /opt/airflow/dags/dag_dbt_pipeline.py
[2025-11-02T14:29:26.836+0000] {processor.py:830} INFO - Processing file /opt/airflow/dags/dag_dbt_pipeline.py for tasks to queue
[2025-11-02T14:29:26.840+0000] {logging_mixin.py:188} INFO - [2025-11-02T14:29:26.839+0000] {dagbag.py:538} INFO - Filling up the DagBag from /opt/airflow/dags/dag_dbt_pipeline.py
[2025-11-02T14:29:26.890+0000] {processor.py:840} INFO - DAG(s) 'dag_dbt_pipeline' retrieved from /opt/airflow/dags/dag_dbt_pipeline.py
[2025-11-02T14:29:26.958+0000] {logging_mixin.py:188} INFO - [2025-11-02T14:29:26.958+0000] {dag.py:3036} INFO - Sync 1 DAGs
[2025-11-02T14:29:27.022+0000] {logging_mixin.py:188} INFO - [2025-11-02T14:29:27.022+0000] {dag.py:3823} INFO - Setting next_dagrun for dag_dbt_pipeline to 2025-11-02 00:00:00+00:00, run_after=2025-11-03 00:00:00+00:00
[2025-11-02T14:29:27.067+0000] {processor.py:183} INFO - Processing /opt/airflow/dags/dag_dbt_pipeline.py took 0.242 seconds
[2025-11-02T14:30:00.187+0000] {processor.py:161} INFO - Started process (PID=5427) to work on /opt/airflow/dags/dag_dbt_pipeline.py
[2025-11-02T14:30:00.189+0000] {processor.py:830} INFO - Processing file /opt/airflow/dags/dag_dbt_pipeline.py for tasks to queue
[2025-11-02T14:30:00.191+0000] {logging_mixin.py:188} INFO - [2025-11-02T14:30:00.190+0000] {dagbag.py:538} INFO - Filling up the DagBag from /opt/airflow/dags/dag_dbt_pipeline.py
[2025-11-02T14:30:00.235+0000] {processor.py:840} INFO - DAG(s) 'dag_dbt_pipeline' retrieved from /opt/airflow/dags/dag_dbt_pipeline.py
[2025-11-02T14:30:00.287+0000] {logging_mixin.py:188} INFO - [2025-11-02T14:30:00.286+0000] {dag.py:3036} INFO - Sync 1 DAGs
[2025-11-02T14:30:00.337+0000] {logging_mixin.py:188} INFO - [2025-11-02T14:30:00.337+0000] {dag.py:3823} INFO - Setting next_dagrun for dag_dbt_pipeline to 2025-11-02 00:00:00+00:00, run_after=2025-11-03 00:00:00+00:00
[2025-11-02T14:30:00.386+0000] {processor.py:183} INFO - Processing /opt/airflow/dags/dag_dbt_pipeline.py took 0.207 seconds
[2025-11-02T14:30:30.624+0000] {processor.py:161} INFO - Started process (PID=5439) to work on /opt/airflow/dags/dag_dbt_pipeline.py
[2025-11-02T14:30:30.626+0000] {processor.py:830} INFO - Processing file /opt/airflow/dags/dag_dbt_pipeline.py for tasks to queue
[2025-11-02T14:30:30.628+0000] {logging_mixin.py:188} INFO - [2025-11-02T14:30:30.628+0000] {dagbag.py:538} INFO - Filling up the DagBag from /opt/airflow/dags/dag_dbt_pipeline.py
[2025-11-02T14:30:30.681+0000] {processor.py:840} INFO - DAG(s) 'dag_dbt_pipeline' retrieved from /opt/airflow/dags/dag_dbt_pipeline.py
[2025-11-02T14:30:30.732+0000] {logging_mixin.py:188} INFO - [2025-11-02T14:30:30.732+0000] {dag.py:3036} INFO - Sync 1 DAGs
[2025-11-02T14:30:30.780+0000] {logging_mixin.py:188} INFO - [2025-11-02T14:30:30.780+0000] {dag.py:3823} INFO - Setting next_dagrun for dag_dbt_pipeline to 2025-11-02 00:00:00+00:00, run_after=2025-11-03 00:00:00+00:00
[2025-11-02T14:30:30.832+0000] {processor.py:183} INFO - Processing /opt/airflow/dags/dag_dbt_pipeline.py took 0.219 seconds
[2025-11-02T14:31:00.983+0000] {processor.py:161} INFO - Started process (PID=5451) to work on /opt/airflow/dags/dag_dbt_pipeline.py
[2025-11-02T14:31:00.986+0000] {processor.py:830} INFO - Processing file /opt/airflow/dags/dag_dbt_pipeline.py for tasks to queue
[2025-11-02T14:31:00.988+0000] {logging_mixin.py:188} INFO - [2025-11-02T14:31:00.987+0000] {dagbag.py:538} INFO - Filling up the DagBag from /opt/airflow/dags/dag_dbt_pipeline.py
[2025-11-02T14:31:01.029+0000] {processor.py:840} INFO - DAG(s) 'dag_dbt_pipeline' retrieved from /opt/airflow/dags/dag_dbt_pipeline.py
[2025-11-02T14:31:01.076+0000] {logging_mixin.py:188} INFO - [2025-11-02T14:31:01.076+0000] {dag.py:3036} INFO - Sync 1 DAGs
[2025-11-02T14:31:01.124+0000] {logging_mixin.py:188} INFO - [2025-11-02T14:31:01.123+0000] {dag.py:3823} INFO - Setting next_dagrun for dag_dbt_pipeline to 2025-11-02 00:00:00+00:00, run_after=2025-11-03 00:00:00+00:00
[2025-11-02T14:31:01.160+0000] {processor.py:183} INFO - Processing /opt/airflow/dags/dag_dbt_pipeline.py took 0.184 seconds
[2025-11-02T14:31:31.496+0000] {processor.py:161} INFO - Started process (PID=5463) to work on /opt/airflow/dags/dag_dbt_pipeline.py
[2025-11-02T14:31:31.498+0000] {processor.py:830} INFO - Processing file /opt/airflow/dags/dag_dbt_pipeline.py for tasks to queue
[2025-11-02T14:31:31.500+0000] {logging_mixin.py:188} INFO - [2025-11-02T14:31:31.499+0000] {dagbag.py:538} INFO - Filling up the DagBag from /opt/airflow/dags/dag_dbt_pipeline.py
[2025-11-02T14:31:31.544+0000] {processor.py:840} INFO - DAG(s) 'dag_dbt_pipeline' retrieved from /opt/airflow/dags/dag_dbt_pipeline.py
[2025-11-02T14:31:31.594+0000] {logging_mixin.py:188} INFO - [2025-11-02T14:31:31.594+0000] {dag.py:3036} INFO - Sync 1 DAGs
[2025-11-02T14:31:31.640+0000] {logging_mixin.py:188} INFO - [2025-11-02T14:31:31.639+0000] {dag.py:3823} INFO - Setting next_dagrun for dag_dbt_pipeline to 2025-11-02 00:00:00+00:00, run_after=2025-11-03 00:00:00+00:00
[2025-11-02T14:31:31.675+0000] {processor.py:183} INFO - Processing /opt/airflow/dags/dag_dbt_pipeline.py took 0.184 seconds
[2025-11-02T14:32:01.977+0000] {processor.py:161} INFO - Started process (PID=5475) to work on /opt/airflow/dags/dag_dbt_pipeline.py
[2025-11-02T14:32:01.980+0000] {processor.py:830} INFO - Processing file /opt/airflow/dags/dag_dbt_pipeline.py for tasks to queue
[2025-11-02T14:32:01.982+0000] {logging_mixin.py:188} INFO - [2025-11-02T14:32:01.981+0000] {dagbag.py:538} INFO - Filling up the DagBag from /opt/airflow/dags/dag_dbt_pipeline.py
[2025-11-02T14:32:02.027+0000] {processor.py:840} INFO - DAG(s) 'dag_dbt_pipeline' retrieved from /opt/airflow/dags/dag_dbt_pipeline.py
[2025-11-02T14:32:02.070+0000] {logging_mixin.py:188} INFO - [2025-11-02T14:32:02.070+0000] {dag.py:3036} INFO - Sync 1 DAGs
[2025-11-02T14:32:02.110+0000] {logging_mixin.py:188} INFO - [2025-11-02T14:32:02.110+0000] {dag.py:3823} INFO - Setting next_dagrun for dag_dbt_pipeline to 2025-11-02 00:00:00+00:00, run_after=2025-11-03 00:00:00+00:00
[2025-11-02T14:32:02.149+0000] {processor.py:183} INFO - Processing /opt/airflow/dags/dag_dbt_pipeline.py took 0.178 seconds
[2025-11-02T14:32:32.292+0000] {processor.py:161} INFO - Started process (PID=5486) to work on /opt/airflow/dags/dag_dbt_pipeline.py
[2025-11-02T14:32:32.295+0000] {processor.py:830} INFO - Processing file /opt/airflow/dags/dag_dbt_pipeline.py for tasks to queue
[2025-11-02T14:32:32.297+0000] {logging_mixin.py:188} INFO - [2025-11-02T14:32:32.297+0000] {dagbag.py:538} INFO - Filling up the DagBag from /opt/airflow/dags/dag_dbt_pipeline.py
[2025-11-02T14:32:32.343+0000] {processor.py:840} INFO - DAG(s) 'dag_dbt_pipeline' retrieved from /opt/airflow/dags/dag_dbt_pipeline.py
[2025-11-02T14:32:32.398+0000] {logging_mixin.py:188} INFO - [2025-11-02T14:32:32.397+0000] {dag.py:3036} INFO - Sync 1 DAGs
[2025-11-02T14:32:32.447+0000] {logging_mixin.py:188} INFO - [2025-11-02T14:32:32.446+0000] {dag.py:3823} INFO - Setting next_dagrun for dag_dbt_pipeline to 2025-11-02 00:00:00+00:00, run_after=2025-11-03 00:00:00+00:00
[2025-11-02T14:32:32.491+0000] {processor.py:183} INFO - Processing /opt/airflow/dags/dag_dbt_pipeline.py took 0.208 seconds
[2025-11-02T14:33:02.696+0000] {processor.py:161} INFO - Started process (PID=5498) to work on /opt/airflow/dags/dag_dbt_pipeline.py
[2025-11-02T14:33:02.699+0000] {processor.py:830} INFO - Processing file /opt/airflow/dags/dag_dbt_pipeline.py for tasks to queue
[2025-11-02T14:33:02.701+0000] {logging_mixin.py:188} INFO - [2025-11-02T14:33:02.700+0000] {dagbag.py:538} INFO - Filling up the DagBag from /opt/airflow/dags/dag_dbt_pipeline.py
[2025-11-02T14:33:02.748+0000] {processor.py:840} INFO - DAG(s) 'dag_dbt_pipeline' retrieved from /opt/airflow/dags/dag_dbt_pipeline.py
[2025-11-02T14:33:02.792+0000] {logging_mixin.py:188} INFO - [2025-11-02T14:33:02.791+0000] {dag.py:3036} INFO - Sync 1 DAGs
[2025-11-02T14:33:02.834+0000] {logging_mixin.py:188} INFO - [2025-11-02T14:33:02.833+0000] {dag.py:3823} INFO - Setting next_dagrun for dag_dbt_pipeline to 2025-11-02 00:00:00+00:00, run_after=2025-11-03 00:00:00+00:00
[2025-11-02T14:33:02.868+0000] {processor.py:183} INFO - Processing /opt/airflow/dags/dag_dbt_pipeline.py took 0.181 seconds
[2025-11-02T14:33:33.032+0000] {processor.py:161} INFO - Started process (PID=5510) to work on /opt/airflow/dags/dag_dbt_pipeline.py
[2025-11-02T14:33:33.034+0000] {processor.py:830} INFO - Processing file /opt/airflow/dags/dag_dbt_pipeline.py for tasks to queue
[2025-11-02T14:33:33.037+0000] {logging_mixin.py:188} INFO - [2025-11-02T14:33:33.036+0000] {dagbag.py:538} INFO - Filling up the DagBag from /opt/airflow/dags/dag_dbt_pipeline.py
[2025-11-02T14:33:33.078+0000] {processor.py:840} INFO - DAG(s) 'dag_dbt_pipeline' retrieved from /opt/airflow/dags/dag_dbt_pipeline.py
[2025-11-02T14:33:33.127+0000] {logging_mixin.py:188} INFO - [2025-11-02T14:33:33.126+0000] {dag.py:3036} INFO - Sync 1 DAGs
[2025-11-02T14:33:33.172+0000] {logging_mixin.py:188} INFO - [2025-11-02T14:33:33.172+0000] {dag.py:3823} INFO - Setting next_dagrun for dag_dbt_pipeline to 2025-11-02 00:00:00+00:00, run_after=2025-11-03 00:00:00+00:00
[2025-11-02T14:33:33.205+0000] {processor.py:183} INFO - Processing /opt/airflow/dags/dag_dbt_pipeline.py took 0.183 seconds
[2025-11-02T14:34:03.397+0000] {processor.py:161} INFO - Started process (PID=5522) to work on /opt/airflow/dags/dag_dbt_pipeline.py
[2025-11-02T14:34:03.401+0000] {processor.py:830} INFO - Processing file /opt/airflow/dags/dag_dbt_pipeline.py for tasks to queue
[2025-11-02T14:34:03.404+0000] {logging_mixin.py:188} INFO - [2025-11-02T14:34:03.403+0000] {dagbag.py:538} INFO - Filling up the DagBag from /opt/airflow/dags/dag_dbt_pipeline.py
[2025-11-02T14:34:03.451+0000] {processor.py:840} INFO - DAG(s) 'dag_dbt_pipeline' retrieved from /opt/airflow/dags/dag_dbt_pipeline.py
[2025-11-02T14:34:03.506+0000] {logging_mixin.py:188} INFO - [2025-11-02T14:34:03.505+0000] {dag.py:3036} INFO - Sync 1 DAGs
[2025-11-02T14:34:03.548+0000] {logging_mixin.py:188} INFO - [2025-11-02T14:34:03.548+0000] {dag.py:3823} INFO - Setting next_dagrun for dag_dbt_pipeline to 2025-11-02 00:00:00+00:00, run_after=2025-11-03 00:00:00+00:00
[2025-11-02T14:34:03.598+0000] {processor.py:183} INFO - Processing /opt/airflow/dags/dag_dbt_pipeline.py took 0.209 seconds
[2025-11-02T14:34:33.758+0000] {processor.py:161} INFO - Started process (PID=5528) to work on /opt/airflow/dags/dag_dbt_pipeline.py
[2025-11-02T14:34:33.760+0000] {processor.py:830} INFO - Processing file /opt/airflow/dags/dag_dbt_pipeline.py for tasks to queue
[2025-11-02T14:34:33.763+0000] {logging_mixin.py:188} INFO - [2025-11-02T14:34:33.762+0000] {dagbag.py:538} INFO - Filling up the DagBag from /opt/airflow/dags/dag_dbt_pipeline.py
[2025-11-02T14:34:33.811+0000] {processor.py:840} INFO - DAG(s) 'dag_dbt_pipeline' retrieved from /opt/airflow/dags/dag_dbt_pipeline.py
[2025-11-02T14:34:33.882+0000] {logging_mixin.py:188} INFO - [2025-11-02T14:34:33.881+0000] {dag.py:3036} INFO - Sync 1 DAGs
[2025-11-02T14:34:33.937+0000] {logging_mixin.py:188} INFO - [2025-11-02T14:34:33.937+0000] {dag.py:3823} INFO - Setting next_dagrun for dag_dbt_pipeline to 2025-11-02 00:00:00+00:00, run_after=2025-11-03 00:00:00+00:00
[2025-11-02T14:34:33.976+0000] {processor.py:183} INFO - Processing /opt/airflow/dags/dag_dbt_pipeline.py took 0.225 seconds
[2025-11-02T14:35:04.208+0000] {processor.py:161} INFO - Started process (PID=5540) to work on /opt/airflow/dags/dag_dbt_pipeline.py
[2025-11-02T14:35:04.210+0000] {processor.py:830} INFO - Processing file /opt/airflow/dags/dag_dbt_pipeline.py for tasks to queue
[2025-11-02T14:35:04.214+0000] {logging_mixin.py:188} INFO - [2025-11-02T14:35:04.213+0000] {dagbag.py:538} INFO - Filling up the DagBag from /opt/airflow/dags/dag_dbt_pipeline.py
[2025-11-02T14:35:04.259+0000] {processor.py:840} INFO - DAG(s) 'dag_dbt_pipeline' retrieved from /opt/airflow/dags/dag_dbt_pipeline.py
[2025-11-02T14:35:04.309+0000] {logging_mixin.py:188} INFO - [2025-11-02T14:35:04.309+0000] {dag.py:3036} INFO - Sync 1 DAGs
[2025-11-02T14:35:04.363+0000] {logging_mixin.py:188} INFO - [2025-11-02T14:35:04.362+0000] {dag.py:3823} INFO - Setting next_dagrun for dag_dbt_pipeline to 2025-11-02 00:00:00+00:00, run_after=2025-11-03 00:00:00+00:00
[2025-11-02T14:35:04.406+0000] {processor.py:183} INFO - Processing /opt/airflow/dags/dag_dbt_pipeline.py took 0.205 seconds
[2025-11-02T14:35:34.678+0000] {processor.py:161} INFO - Started process (PID=5552) to work on /opt/airflow/dags/dag_dbt_pipeline.py
[2025-11-02T14:35:34.681+0000] {processor.py:830} INFO - Processing file /opt/airflow/dags/dag_dbt_pipeline.py for tasks to queue
[2025-11-02T14:35:34.683+0000] {logging_mixin.py:188} INFO - [2025-11-02T14:35:34.682+0000] {dagbag.py:538} INFO - Filling up the DagBag from /opt/airflow/dags/dag_dbt_pipeline.py
[2025-11-02T14:35:34.720+0000] {processor.py:840} INFO - DAG(s) 'dag_dbt_pipeline' retrieved from /opt/airflow/dags/dag_dbt_pipeline.py
[2025-11-02T14:35:34.761+0000] {logging_mixin.py:188} INFO - [2025-11-02T14:35:34.761+0000] {dag.py:3036} INFO - Sync 1 DAGs
[2025-11-02T14:35:34.801+0000] {logging_mixin.py:188} INFO - [2025-11-02T14:35:34.800+0000] {dag.py:3823} INFO - Setting next_dagrun for dag_dbt_pipeline to 2025-11-02 00:00:00+00:00, run_after=2025-11-03 00:00:00+00:00
[2025-11-02T14:35:34.833+0000] {processor.py:183} INFO - Processing /opt/airflow/dags/dag_dbt_pipeline.py took 0.164 seconds
[2025-11-02T14:36:06.921+0000] {processor.py:161} INFO - Started process (PID=5562) to work on /opt/airflow/dags/dag_dbt_pipeline.py
[2025-11-02T14:36:06.925+0000] {processor.py:830} INFO - Processing file /opt/airflow/dags/dag_dbt_pipeline.py for tasks to queue
[2025-11-02T14:36:06.927+0000] {logging_mixin.py:188} INFO - [2025-11-02T14:36:06.926+0000] {dagbag.py:538} INFO - Filling up the DagBag from /opt/airflow/dags/dag_dbt_pipeline.py
[2025-11-02T14:36:06.981+0000] {processor.py:840} INFO - DAG(s) 'dag_dbt_pipeline' retrieved from /opt/airflow/dags/dag_dbt_pipeline.py
[2025-11-02T14:36:07.056+0000] {logging_mixin.py:188} INFO - [2025-11-02T14:36:07.055+0000] {dag.py:3036} INFO - Sync 1 DAGs
[2025-11-02T14:36:07.113+0000] {logging_mixin.py:188} INFO - [2025-11-02T14:36:07.112+0000] {dag.py:3823} INFO - Setting next_dagrun for dag_dbt_pipeline to 2025-11-02 00:00:00+00:00, run_after=2025-11-03 00:00:00+00:00
[2025-11-02T14:36:07.171+0000] {processor.py:183} INFO - Processing /opt/airflow/dags/dag_dbt_pipeline.py took 0.257 seconds
[2025-11-02T14:36:40.041+0000] {processor.py:161} INFO - Started process (PID=5574) to work on /opt/airflow/dags/dag_dbt_pipeline.py
[2025-11-02T14:36:40.043+0000] {processor.py:830} INFO - Processing file /opt/airflow/dags/dag_dbt_pipeline.py for tasks to queue
[2025-11-02T14:36:40.045+0000] {logging_mixin.py:188} INFO - [2025-11-02T14:36:40.045+0000] {dagbag.py:538} INFO - Filling up the DagBag from /opt/airflow/dags/dag_dbt_pipeline.py
[2025-11-02T14:36:40.089+0000] {processor.py:840} INFO - DAG(s) 'dag_dbt_pipeline' retrieved from /opt/airflow/dags/dag_dbt_pipeline.py
[2025-11-02T14:36:40.133+0000] {logging_mixin.py:188} INFO - [2025-11-02T14:36:40.133+0000] {dag.py:3036} INFO - Sync 1 DAGs
[2025-11-02T14:36:40.166+0000] {logging_mixin.py:188} INFO - [2025-11-02T14:36:40.166+0000] {dag.py:3823} INFO - Setting next_dagrun for dag_dbt_pipeline to 2025-11-02 00:00:00+00:00, run_after=2025-11-03 00:00:00+00:00
[2025-11-02T14:36:40.197+0000] {processor.py:183} INFO - Processing /opt/airflow/dags/dag_dbt_pipeline.py took 0.163 seconds
[2025-11-02T14:37:13.450+0000] {processor.py:161} INFO - Started process (PID=5586) to work on /opt/airflow/dags/dag_dbt_pipeline.py
[2025-11-02T14:37:13.454+0000] {processor.py:830} INFO - Processing file /opt/airflow/dags/dag_dbt_pipeline.py for tasks to queue
[2025-11-02T14:37:13.456+0000] {logging_mixin.py:188} INFO - [2025-11-02T14:37:13.455+0000] {dagbag.py:538} INFO - Filling up the DagBag from /opt/airflow/dags/dag_dbt_pipeline.py
[2025-11-02T14:37:13.531+0000] {processor.py:840} INFO - DAG(s) 'dag_dbt_pipeline' retrieved from /opt/airflow/dags/dag_dbt_pipeline.py
[2025-11-02T14:37:13.617+0000] {logging_mixin.py:188} INFO - [2025-11-02T14:37:13.616+0000] {dag.py:3036} INFO - Sync 1 DAGs
[2025-11-02T14:37:13.680+0000] {logging_mixin.py:188} INFO - [2025-11-02T14:37:13.680+0000] {dag.py:3823} INFO - Setting next_dagrun for dag_dbt_pipeline to 2025-11-02 00:00:00+00:00, run_after=2025-11-03 00:00:00+00:00
[2025-11-02T14:37:13.715+0000] {processor.py:183} INFO - Processing /opt/airflow/dags/dag_dbt_pipeline.py took 0.274 seconds
[2025-11-02T14:37:46.956+0000] {processor.py:161} INFO - Started process (PID=5598) to work on /opt/airflow/dags/dag_dbt_pipeline.py
[2025-11-02T14:37:46.959+0000] {processor.py:830} INFO - Processing file /opt/airflow/dags/dag_dbt_pipeline.py for tasks to queue
[2025-11-02T14:37:46.961+0000] {logging_mixin.py:188} INFO - [2025-11-02T14:37:46.961+0000] {dagbag.py:538} INFO - Filling up the DagBag from /opt/airflow/dags/dag_dbt_pipeline.py
[2025-11-02T14:37:47.007+0000] {processor.py:840} INFO - DAG(s) 'dag_dbt_pipeline' retrieved from /opt/airflow/dags/dag_dbt_pipeline.py
[2025-11-02T14:37:47.050+0000] {logging_mixin.py:188} INFO - [2025-11-02T14:37:47.050+0000] {dag.py:3036} INFO - Sync 1 DAGs
[2025-11-02T14:37:47.088+0000] {logging_mixin.py:188} INFO - [2025-11-02T14:37:47.087+0000] {dag.py:3823} INFO - Setting next_dagrun for dag_dbt_pipeline to 2025-11-02 00:00:00+00:00, run_after=2025-11-03 00:00:00+00:00
[2025-11-02T14:37:47.123+0000] {processor.py:183} INFO - Processing /opt/airflow/dags/dag_dbt_pipeline.py took 0.177 seconds
[2025-11-02T14:38:20.020+0000] {processor.py:161} INFO - Started process (PID=5610) to work on /opt/airflow/dags/dag_dbt_pipeline.py
[2025-11-02T14:38:20.022+0000] {processor.py:830} INFO - Processing file /opt/airflow/dags/dag_dbt_pipeline.py for tasks to queue
[2025-11-02T14:38:20.024+0000] {logging_mixin.py:188} INFO - [2025-11-02T14:38:20.023+0000] {dagbag.py:538} INFO - Filling up the DagBag from /opt/airflow/dags/dag_dbt_pipeline.py
[2025-11-02T14:38:20.066+0000] {processor.py:840} INFO - DAG(s) 'dag_dbt_pipeline' retrieved from /opt/airflow/dags/dag_dbt_pipeline.py
[2025-11-02T14:38:20.117+0000] {logging_mixin.py:188} INFO - [2025-11-02T14:38:20.117+0000] {dag.py:3036} INFO - Sync 1 DAGs
[2025-11-02T14:38:20.157+0000] {logging_mixin.py:188} INFO - [2025-11-02T14:38:20.157+0000] {dag.py:3823} INFO - Setting next_dagrun for dag_dbt_pipeline to 2025-11-02 00:00:00+00:00, run_after=2025-11-03 00:00:00+00:00
[2025-11-02T14:38:20.191+0000] {processor.py:183} INFO - Processing /opt/airflow/dags/dag_dbt_pipeline.py took 0.179 seconds
[2025-11-02T14:38:53.457+0000] {processor.py:161} INFO - Started process (PID=5622) to work on /opt/airflow/dags/dag_dbt_pipeline.py
[2025-11-02T14:38:53.459+0000] {processor.py:830} INFO - Processing file /opt/airflow/dags/dag_dbt_pipeline.py for tasks to queue
[2025-11-02T14:38:53.461+0000] {logging_mixin.py:188} INFO - [2025-11-02T14:38:53.461+0000] {dagbag.py:538} INFO - Filling up the DagBag from /opt/airflow/dags/dag_dbt_pipeline.py
[2025-11-02T14:38:53.525+0000] {processor.py:840} INFO - DAG(s) 'dag_dbt_pipeline' retrieved from /opt/airflow/dags/dag_dbt_pipeline.py
[2025-11-02T14:38:53.570+0000] {logging_mixin.py:188} INFO - [2025-11-02T14:38:53.569+0000] {dag.py:3036} INFO - Sync 1 DAGs
[2025-11-02T14:38:53.612+0000] {logging_mixin.py:188} INFO - [2025-11-02T14:38:53.612+0000] {dag.py:3823} INFO - Setting next_dagrun for dag_dbt_pipeline to 2025-11-02 00:00:00+00:00, run_after=2025-11-03 00:00:00+00:00
[2025-11-02T14:38:53.647+0000] {processor.py:183} INFO - Processing /opt/airflow/dags/dag_dbt_pipeline.py took 0.198 seconds
[2025-11-02T14:39:26.659+0000] {processor.py:161} INFO - Started process (PID=5634) to work on /opt/airflow/dags/dag_dbt_pipeline.py
[2025-11-02T14:39:26.663+0000] {processor.py:830} INFO - Processing file /opt/airflow/dags/dag_dbt_pipeline.py for tasks to queue
[2025-11-02T14:39:26.666+0000] {logging_mixin.py:188} INFO - [2025-11-02T14:39:26.665+0000] {dagbag.py:538} INFO - Filling up the DagBag from /opt/airflow/dags/dag_dbt_pipeline.py
[2025-11-02T14:39:26.738+0000] {processor.py:840} INFO - DAG(s) 'dag_dbt_pipeline' retrieved from /opt/airflow/dags/dag_dbt_pipeline.py
[2025-11-02T14:39:26.815+0000] {logging_mixin.py:188} INFO - [2025-11-02T14:39:26.808+0000] {dag.py:3036} INFO - Sync 1 DAGs
[2025-11-02T14:39:26.915+0000] {logging_mixin.py:188} INFO - [2025-11-02T14:39:26.915+0000] {dag.py:3823} INFO - Setting next_dagrun for dag_dbt_pipeline to 2025-11-02 00:00:00+00:00, run_after=2025-11-03 00:00:00+00:00
[2025-11-02T14:39:26.996+0000] {processor.py:183} INFO - Processing /opt/airflow/dags/dag_dbt_pipeline.py took 0.349 seconds
[2025-11-02T14:40:00.427+0000] {processor.py:161} INFO - Started process (PID=5646) to work on /opt/airflow/dags/dag_dbt_pipeline.py
[2025-11-02T14:40:00.429+0000] {processor.py:830} INFO - Processing file /opt/airflow/dags/dag_dbt_pipeline.py for tasks to queue
[2025-11-02T14:40:00.431+0000] {logging_mixin.py:188} INFO - [2025-11-02T14:40:00.431+0000] {dagbag.py:538} INFO - Filling up the DagBag from /opt/airflow/dags/dag_dbt_pipeline.py
[2025-11-02T14:40:00.532+0000] {processor.py:840} INFO - DAG(s) 'dag_dbt_pipeline' retrieved from /opt/airflow/dags/dag_dbt_pipeline.py
[2025-11-02T14:40:00.633+0000] {logging_mixin.py:188} INFO - [2025-11-02T14:40:00.633+0000] {dag.py:3036} INFO - Sync 1 DAGs
[2025-11-02T14:40:00.697+0000] {logging_mixin.py:188} INFO - [2025-11-02T14:40:00.696+0000] {dag.py:3823} INFO - Setting next_dagrun for dag_dbt_pipeline to 2025-11-02 00:00:00+00:00, run_after=2025-11-03 00:00:00+00:00
[2025-11-02T14:40:00.774+0000] {processor.py:183} INFO - Processing /opt/airflow/dags/dag_dbt_pipeline.py took 0.366 seconds
[2025-11-02T14:40:33.248+0000] {processor.py:161} INFO - Started process (PID=5658) to work on /opt/airflow/dags/dag_dbt_pipeline.py
[2025-11-02T14:40:33.259+0000] {processor.py:830} INFO - Processing file /opt/airflow/dags/dag_dbt_pipeline.py for tasks to queue
[2025-11-02T14:40:33.262+0000] {logging_mixin.py:188} INFO - [2025-11-02T14:40:33.261+0000] {dagbag.py:538} INFO - Filling up the DagBag from /opt/airflow/dags/dag_dbt_pipeline.py
[2025-11-02T14:40:33.550+0000] {processor.py:840} INFO - DAG(s) 'dag_dbt_pipeline' retrieved from /opt/airflow/dags/dag_dbt_pipeline.py
[2025-11-02T14:40:33.646+0000] {logging_mixin.py:188} INFO - [2025-11-02T14:40:33.645+0000] {dag.py:3036} INFO - Sync 1 DAGs
[2025-11-02T14:40:33.781+0000] {logging_mixin.py:188} INFO - [2025-11-02T14:40:33.781+0000] {dag.py:3823} INFO - Setting next_dagrun for dag_dbt_pipeline to 2025-11-02 00:00:00+00:00, run_after=2025-11-03 00:00:00+00:00
[2025-11-02T14:40:33.898+0000] {processor.py:183} INFO - Processing /opt/airflow/dags/dag_dbt_pipeline.py took 0.658 seconds
[2025-11-02T14:41:06.726+0000] {processor.py:161} INFO - Started process (PID=5670) to work on /opt/airflow/dags/dag_dbt_pipeline.py
[2025-11-02T14:41:06.729+0000] {processor.py:830} INFO - Processing file /opt/airflow/dags/dag_dbt_pipeline.py for tasks to queue
[2025-11-02T14:41:06.732+0000] {logging_mixin.py:188} INFO - [2025-11-02T14:41:06.731+0000] {dagbag.py:538} INFO - Filling up the DagBag from /opt/airflow/dags/dag_dbt_pipeline.py
[2025-11-02T14:41:06.776+0000] {processor.py:840} INFO - DAG(s) 'dag_dbt_pipeline' retrieved from /opt/airflow/dags/dag_dbt_pipeline.py
[2025-11-02T14:41:06.842+0000] {logging_mixin.py:188} INFO - [2025-11-02T14:41:06.842+0000] {dag.py:3036} INFO - Sync 1 DAGs
[2025-11-02T14:41:06.893+0000] {logging_mixin.py:188} INFO - [2025-11-02T14:41:06.892+0000] {dag.py:3823} INFO - Setting next_dagrun for dag_dbt_pipeline to 2025-11-02 00:00:00+00:00, run_after=2025-11-03 00:00:00+00:00
[2025-11-02T14:41:06.949+0000] {processor.py:183} INFO - Processing /opt/airflow/dags/dag_dbt_pipeline.py took 0.230 seconds
[2025-11-02T14:41:37.856+0000] {processor.py:161} INFO - Started process (PID=5682) to work on /opt/airflow/dags/dag_dbt_pipeline.py
[2025-11-02T14:41:37.859+0000] {processor.py:830} INFO - Processing file /opt/airflow/dags/dag_dbt_pipeline.py for tasks to queue
[2025-11-02T14:41:37.862+0000] {logging_mixin.py:188} INFO - [2025-11-02T14:41:37.861+0000] {dagbag.py:538} INFO - Filling up the DagBag from /opt/airflow/dags/dag_dbt_pipeline.py
[2025-11-02T14:41:37.980+0000] {processor.py:840} INFO - DAG(s) 'dag_dbt_pipeline' retrieved from /opt/airflow/dags/dag_dbt_pipeline.py
[2025-11-02T14:41:38.133+0000] {logging_mixin.py:188} INFO - [2025-11-02T14:41:38.133+0000] {dag.py:3036} INFO - Sync 1 DAGs
[2025-11-02T14:41:38.352+0000] {logging_mixin.py:188} INFO - [2025-11-02T14:41:38.351+0000] {dag.py:3823} INFO - Setting next_dagrun for dag_dbt_pipeline to 2025-11-02 00:00:00+00:00, run_after=2025-11-03 00:00:00+00:00
[2025-11-02T14:41:38.690+0000] {processor.py:183} INFO - Processing /opt/airflow/dags/dag_dbt_pipeline.py took 0.845 seconds
[2025-11-02T14:42:09.723+0000] {processor.py:161} INFO - Started process (PID=5694) to work on /opt/airflow/dags/dag_dbt_pipeline.py
[2025-11-02T14:42:09.742+0000] {processor.py:830} INFO - Processing file /opt/airflow/dags/dag_dbt_pipeline.py for tasks to queue
[2025-11-02T14:42:09.748+0000] {logging_mixin.py:188} INFO - [2025-11-02T14:42:09.747+0000] {dagbag.py:538} INFO - Filling up the DagBag from /opt/airflow/dags/dag_dbt_pipeline.py
[2025-11-02T14:42:09.884+0000] {processor.py:840} INFO - DAG(s) 'dag_dbt_pipeline' retrieved from /opt/airflow/dags/dag_dbt_pipeline.py
[2025-11-02T14:42:10.025+0000] {logging_mixin.py:188} INFO - [2025-11-02T14:42:10.025+0000] {dag.py:3036} INFO - Sync 1 DAGs
[2025-11-02T14:42:10.145+0000] {logging_mixin.py:188} INFO - [2025-11-02T14:42:10.144+0000] {dag.py:3823} INFO - Setting next_dagrun for dag_dbt_pipeline to 2025-11-02 00:00:00+00:00, run_after=2025-11-03 00:00:00+00:00
[2025-11-02T14:42:10.610+0000] {processor.py:183} INFO - Processing /opt/airflow/dags/dag_dbt_pipeline.py took 0.901 seconds
[2025-11-02T14:42:41.663+0000] {processor.py:161} INFO - Started process (PID=5707) to work on /opt/airflow/dags/dag_dbt_pipeline.py
[2025-11-02T14:42:41.757+0000] {processor.py:830} INFO - Processing file /opt/airflow/dags/dag_dbt_pipeline.py for tasks to queue
[2025-11-02T14:42:41.760+0000] {logging_mixin.py:188} INFO - [2025-11-02T14:42:41.759+0000] {dagbag.py:538} INFO - Filling up the DagBag from /opt/airflow/dags/dag_dbt_pipeline.py
[2025-11-02T14:42:41.849+0000] {processor.py:840} INFO - DAG(s) 'dag_dbt_pipeline' retrieved from /opt/airflow/dags/dag_dbt_pipeline.py
[2025-11-02T14:42:41.951+0000] {logging_mixin.py:188} INFO - [2025-11-02T14:42:41.951+0000] {dag.py:3036} INFO - Sync 1 DAGs
[2025-11-02T14:42:42.161+0000] {logging_mixin.py:188} INFO - [2025-11-02T14:42:42.161+0000] {dag.py:3823} INFO - Setting next_dagrun for dag_dbt_pipeline to 2025-11-02 00:00:00+00:00, run_after=2025-11-03 00:00:00+00:00
[2025-11-02T14:42:42.313+0000] {processor.py:183} INFO - Processing /opt/airflow/dags/dag_dbt_pipeline.py took 0.685 seconds
[2025-11-02T14:43:12.519+0000] {processor.py:161} INFO - Started process (PID=5718) to work on /opt/airflow/dags/dag_dbt_pipeline.py
[2025-11-02T14:43:12.523+0000] {processor.py:830} INFO - Processing file /opt/airflow/dags/dag_dbt_pipeline.py for tasks to queue
[2025-11-02T14:43:12.525+0000] {logging_mixin.py:188} INFO - [2025-11-02T14:43:12.524+0000] {dagbag.py:538} INFO - Filling up the DagBag from /opt/airflow/dags/dag_dbt_pipeline.py
[2025-11-02T14:43:12.601+0000] {processor.py:840} INFO - DAG(s) 'dag_dbt_pipeline' retrieved from /opt/airflow/dags/dag_dbt_pipeline.py
[2025-11-02T14:43:12.700+0000] {logging_mixin.py:188} INFO - [2025-11-02T14:43:12.699+0000] {dag.py:3036} INFO - Sync 1 DAGs
[2025-11-02T14:43:12.758+0000] {logging_mixin.py:188} INFO - [2025-11-02T14:43:12.757+0000] {dag.py:3823} INFO - Setting next_dagrun for dag_dbt_pipeline to 2025-11-02 00:00:00+00:00, run_after=2025-11-03 00:00:00+00:00
[2025-11-02T14:43:12.866+0000] {processor.py:183} INFO - Processing /opt/airflow/dags/dag_dbt_pipeline.py took 0.364 seconds
[2025-11-02T14:43:43.637+0000] {processor.py:161} INFO - Started process (PID=5730) to work on /opt/airflow/dags/dag_dbt_pipeline.py
[2025-11-02T14:43:43.640+0000] {processor.py:830} INFO - Processing file /opt/airflow/dags/dag_dbt_pipeline.py for tasks to queue
[2025-11-02T14:43:43.643+0000] {logging_mixin.py:188} INFO - [2025-11-02T14:43:43.642+0000] {dagbag.py:538} INFO - Filling up the DagBag from /opt/airflow/dags/dag_dbt_pipeline.py
[2025-11-02T14:43:43.799+0000] {processor.py:840} INFO - DAG(s) 'dag_dbt_pipeline' retrieved from /opt/airflow/dags/dag_dbt_pipeline.py
[2025-11-02T14:43:43.912+0000] {logging_mixin.py:188} INFO - [2025-11-02T14:43:43.911+0000] {dag.py:3036} INFO - Sync 1 DAGs
[2025-11-02T14:43:44.349+0000] {logging_mixin.py:188} INFO - [2025-11-02T14:43:44.349+0000] {dag.py:3823} INFO - Setting next_dagrun for dag_dbt_pipeline to 2025-11-02 00:00:00+00:00, run_after=2025-11-03 00:00:00+00:00
[2025-11-02T14:43:44.478+0000] {processor.py:183} INFO - Processing /opt/airflow/dags/dag_dbt_pipeline.py took 0.855 seconds
[2025-11-02T14:44:15.202+0000] {processor.py:161} INFO - Started process (PID=5742) to work on /opt/airflow/dags/dag_dbt_pipeline.py
[2025-11-02T14:44:15.207+0000] {processor.py:830} INFO - Processing file /opt/airflow/dags/dag_dbt_pipeline.py for tasks to queue
[2025-11-02T14:44:15.210+0000] {logging_mixin.py:188} INFO - [2025-11-02T14:44:15.209+0000] {dagbag.py:538} INFO - Filling up the DagBag from /opt/airflow/dags/dag_dbt_pipeline.py
[2025-11-02T14:44:15.275+0000] {processor.py:840} INFO - DAG(s) 'dag_dbt_pipeline' retrieved from /opt/airflow/dags/dag_dbt_pipeline.py
[2025-11-02T14:44:15.358+0000] {logging_mixin.py:188} INFO - [2025-11-02T14:44:15.358+0000] {dag.py:3036} INFO - Sync 1 DAGs
[2025-11-02T14:44:15.564+0000] {logging_mixin.py:188} INFO - [2025-11-02T14:44:15.563+0000] {dag.py:3823} INFO - Setting next_dagrun for dag_dbt_pipeline to 2025-11-02 00:00:00+00:00, run_after=2025-11-03 00:00:00+00:00
[2025-11-02T14:44:15.615+0000] {processor.py:183} INFO - Processing /opt/airflow/dags/dag_dbt_pipeline.py took 0.422 seconds
[2025-11-02T14:44:46.224+0000] {processor.py:161} INFO - Started process (PID=5754) to work on /opt/airflow/dags/dag_dbt_pipeline.py
[2025-11-02T14:44:46.227+0000] {processor.py:830} INFO - Processing file /opt/airflow/dags/dag_dbt_pipeline.py for tasks to queue
[2025-11-02T14:44:46.229+0000] {logging_mixin.py:188} INFO - [2025-11-02T14:44:46.229+0000] {dagbag.py:538} INFO - Filling up the DagBag from /opt/airflow/dags/dag_dbt_pipeline.py
[2025-11-02T14:44:46.382+0000] {processor.py:840} INFO - DAG(s) 'dag_dbt_pipeline' retrieved from /opt/airflow/dags/dag_dbt_pipeline.py
[2025-11-02T14:44:46.606+0000] {logging_mixin.py:188} INFO - [2025-11-02T14:44:46.606+0000] {dag.py:3036} INFO - Sync 1 DAGs
[2025-11-02T14:44:46.676+0000] {logging_mixin.py:188} INFO - [2025-11-02T14:44:46.676+0000] {dag.py:3823} INFO - Setting next_dagrun for dag_dbt_pipeline to 2025-11-02 00:00:00+00:00, run_after=2025-11-03 00:00:00+00:00
[2025-11-02T14:44:46.815+0000] {processor.py:183} INFO - Processing /opt/airflow/dags/dag_dbt_pipeline.py took 0.612 seconds
[2025-11-02T14:45:17.875+0000] {processor.py:161} INFO - Started process (PID=5766) to work on /opt/airflow/dags/dag_dbt_pipeline.py
[2025-11-02T14:45:17.878+0000] {processor.py:830} INFO - Processing file /opt/airflow/dags/dag_dbt_pipeline.py for tasks to queue
[2025-11-02T14:45:17.882+0000] {logging_mixin.py:188} INFO - [2025-11-02T14:45:17.880+0000] {dagbag.py:538} INFO - Filling up the DagBag from /opt/airflow/dags/dag_dbt_pipeline.py
[2025-11-02T14:45:17.929+0000] {processor.py:840} INFO - DAG(s) 'dag_dbt_pipeline' retrieved from /opt/airflow/dags/dag_dbt_pipeline.py
[2025-11-02T14:45:18.081+0000] {logging_mixin.py:188} INFO - [2025-11-02T14:45:18.080+0000] {dag.py:3036} INFO - Sync 1 DAGs
[2025-11-02T14:45:18.202+0000] {logging_mixin.py:188} INFO - [2025-11-02T14:45:18.202+0000] {dag.py:3823} INFO - Setting next_dagrun for dag_dbt_pipeline to 2025-11-02 00:00:00+00:00, run_after=2025-11-03 00:00:00+00:00
[2025-11-02T14:45:18.298+0000] {processor.py:183} INFO - Processing /opt/airflow/dags/dag_dbt_pipeline.py took 0.453 seconds
[2025-11-02T14:45:48.772+0000] {processor.py:161} INFO - Started process (PID=5777) to work on /opt/airflow/dags/dag_dbt_pipeline.py
[2025-11-02T14:45:48.774+0000] {processor.py:830} INFO - Processing file /opt/airflow/dags/dag_dbt_pipeline.py for tasks to queue
[2025-11-02T14:45:48.780+0000] {logging_mixin.py:188} INFO - [2025-11-02T14:45:48.779+0000] {dagbag.py:538} INFO - Filling up the DagBag from /opt/airflow/dags/dag_dbt_pipeline.py
[2025-11-02T14:45:48.897+0000] {processor.py:840} INFO - DAG(s) 'dag_dbt_pipeline' retrieved from /opt/airflow/dags/dag_dbt_pipeline.py
[2025-11-02T14:45:49.063+0000] {logging_mixin.py:188} INFO - [2025-11-02T14:45:49.062+0000] {dag.py:3036} INFO - Sync 1 DAGs
[2025-11-02T14:45:49.116+0000] {logging_mixin.py:188} INFO - [2025-11-02T14:45:49.116+0000] {dag.py:3823} INFO - Setting next_dagrun for dag_dbt_pipeline to 2025-11-02 00:00:00+00:00, run_after=2025-11-03 00:00:00+00:00
[2025-11-02T14:45:49.158+0000] {processor.py:183} INFO - Processing /opt/airflow/dags/dag_dbt_pipeline.py took 0.414 seconds
[2025-11-02T14:46:19.595+0000] {processor.py:161} INFO - Started process (PID=5788) to work on /opt/airflow/dags/dag_dbt_pipeline.py
[2025-11-02T14:46:19.598+0000] {processor.py:830} INFO - Processing file /opt/airflow/dags/dag_dbt_pipeline.py for tasks to queue
[2025-11-02T14:46:19.600+0000] {logging_mixin.py:188} INFO - [2025-11-02T14:46:19.599+0000] {dagbag.py:538} INFO - Filling up the DagBag from /opt/airflow/dags/dag_dbt_pipeline.py
[2025-11-02T14:46:19.638+0000] {processor.py:840} INFO - DAG(s) 'dag_dbt_pipeline' retrieved from /opt/airflow/dags/dag_dbt_pipeline.py
[2025-11-02T14:46:19.745+0000] {logging_mixin.py:188} INFO - [2025-11-02T14:46:19.744+0000] {dag.py:3036} INFO - Sync 1 DAGs
[2025-11-02T14:46:19.856+0000] {logging_mixin.py:188} INFO - [2025-11-02T14:46:19.856+0000] {dag.py:3823} INFO - Setting next_dagrun for dag_dbt_pipeline to 2025-11-02 00:00:00+00:00, run_after=2025-11-03 00:00:00+00:00
[2025-11-02T14:46:19.896+0000] {processor.py:183} INFO - Processing /opt/airflow/dags/dag_dbt_pipeline.py took 0.311 seconds
[2025-11-02T14:46:49.978+0000] {processor.py:161} INFO - Started process (PID=5801) to work on /opt/airflow/dags/dag_dbt_pipeline.py
[2025-11-02T14:46:49.980+0000] {processor.py:830} INFO - Processing file /opt/airflow/dags/dag_dbt_pipeline.py for tasks to queue
[2025-11-02T14:46:49.981+0000] {logging_mixin.py:188} INFO - [2025-11-02T14:46:49.981+0000] {dagbag.py:538} INFO - Filling up the DagBag from /opt/airflow/dags/dag_dbt_pipeline.py
[2025-11-02T14:46:50.026+0000] {processor.py:840} INFO - DAG(s) 'dag_dbt_pipeline' retrieved from /opt/airflow/dags/dag_dbt_pipeline.py
[2025-11-02T14:46:50.089+0000] {logging_mixin.py:188} INFO - [2025-11-02T14:46:50.089+0000] {dag.py:3036} INFO - Sync 1 DAGs
[2025-11-02T14:46:50.212+0000] {logging_mixin.py:188} INFO - [2025-11-02T14:46:50.211+0000] {dag.py:3823} INFO - Setting next_dagrun for dag_dbt_pipeline to 2025-11-02 00:00:00+00:00, run_after=2025-11-03 00:00:00+00:00
[2025-11-02T14:46:50.281+0000] {processor.py:183} INFO - Processing /opt/airflow/dags/dag_dbt_pipeline.py took 0.309 seconds
[2025-11-02T14:47:21.355+0000] {processor.py:161} INFO - Started process (PID=5813) to work on /opt/airflow/dags/dag_dbt_pipeline.py
[2025-11-02T14:47:21.361+0000] {processor.py:830} INFO - Processing file /opt/airflow/dags/dag_dbt_pipeline.py for tasks to queue
[2025-11-02T14:47:21.365+0000] {logging_mixin.py:188} INFO - [2025-11-02T14:47:21.364+0000] {dagbag.py:538} INFO - Filling up the DagBag from /opt/airflow/dags/dag_dbt_pipeline.py
[2025-11-02T14:47:21.452+0000] {processor.py:840} INFO - DAG(s) 'dag_dbt_pipeline' retrieved from /opt/airflow/dags/dag_dbt_pipeline.py
[2025-11-02T14:47:21.584+0000] {logging_mixin.py:188} INFO - [2025-11-02T14:47:21.583+0000] {dag.py:3036} INFO - Sync 1 DAGs
[2025-11-02T14:47:21.770+0000] {logging_mixin.py:188} INFO - [2025-11-02T14:47:21.769+0000] {dag.py:3823} INFO - Setting next_dagrun for dag_dbt_pipeline to 2025-11-02 00:00:00+00:00, run_after=2025-11-03 00:00:00+00:00
[2025-11-02T14:47:21.889+0000] {processor.py:183} INFO - Processing /opt/airflow/dags/dag_dbt_pipeline.py took 0.547 seconds
[2025-11-02T14:47:52.901+0000] {processor.py:161} INFO - Started process (PID=5825) to work on /opt/airflow/dags/dag_dbt_pipeline.py
[2025-11-02T14:47:52.903+0000] {processor.py:830} INFO - Processing file /opt/airflow/dags/dag_dbt_pipeline.py for tasks to queue
[2025-11-02T14:47:52.906+0000] {logging_mixin.py:188} INFO - [2025-11-02T14:47:52.905+0000] {dagbag.py:538} INFO - Filling up the DagBag from /opt/airflow/dags/dag_dbt_pipeline.py
[2025-11-02T14:47:52.950+0000] {processor.py:840} INFO - DAG(s) 'dag_dbt_pipeline' retrieved from /opt/airflow/dags/dag_dbt_pipeline.py
[2025-11-02T14:47:53.022+0000] {logging_mixin.py:188} INFO - [2025-11-02T14:47:53.021+0000] {dag.py:3036} INFO - Sync 1 DAGs
[2025-11-02T14:47:53.117+0000] {logging_mixin.py:188} INFO - [2025-11-02T14:47:53.109+0000] {dag.py:3823} INFO - Setting next_dagrun for dag_dbt_pipeline to 2025-11-02 00:00:00+00:00, run_after=2025-11-03 00:00:00+00:00
[2025-11-02T14:47:53.186+0000] {processor.py:183} INFO - Processing /opt/airflow/dags/dag_dbt_pipeline.py took 0.295 seconds
[2025-11-02T14:48:23.551+0000] {processor.py:161} INFO - Started process (PID=5837) to work on /opt/airflow/dags/dag_dbt_pipeline.py
[2025-11-02T14:48:23.554+0000] {processor.py:830} INFO - Processing file /opt/airflow/dags/dag_dbt_pipeline.py for tasks to queue
[2025-11-02T14:48:23.556+0000] {logging_mixin.py:188} INFO - [2025-11-02T14:48:23.555+0000] {dagbag.py:538} INFO - Filling up the DagBag from /opt/airflow/dags/dag_dbt_pipeline.py
[2025-11-02T14:48:23.642+0000] {processor.py:840} INFO - DAG(s) 'dag_dbt_pipeline' retrieved from /opt/airflow/dags/dag_dbt_pipeline.py
[2025-11-02T14:48:23.714+0000] {logging_mixin.py:188} INFO - [2025-11-02T14:48:23.713+0000] {dag.py:3036} INFO - Sync 1 DAGs
[2025-11-02T14:48:23.763+0000] {logging_mixin.py:188} INFO - [2025-11-02T14:48:23.763+0000] {dag.py:3823} INFO - Setting next_dagrun for dag_dbt_pipeline to 2025-11-02 00:00:00+00:00, run_after=2025-11-03 00:00:00+00:00
[2025-11-02T14:48:23.816+0000] {processor.py:183} INFO - Processing /opt/airflow/dags/dag_dbt_pipeline.py took 0.274 seconds
[2025-11-02T14:48:54.062+0000] {processor.py:161} INFO - Started process (PID=5849) to work on /opt/airflow/dags/dag_dbt_pipeline.py
[2025-11-02T14:48:54.066+0000] {processor.py:830} INFO - Processing file /opt/airflow/dags/dag_dbt_pipeline.py for tasks to queue
[2025-11-02T14:48:54.069+0000] {logging_mixin.py:188} INFO - [2025-11-02T14:48:54.069+0000] {dagbag.py:538} INFO - Filling up the DagBag from /opt/airflow/dags/dag_dbt_pipeline.py
[2025-11-02T14:48:54.102+0000] {processor.py:840} INFO - DAG(s) 'dag_dbt_pipeline' retrieved from /opt/airflow/dags/dag_dbt_pipeline.py
[2025-11-02T14:48:54.253+0000] {logging_mixin.py:188} INFO - [2025-11-02T14:48:54.252+0000] {dag.py:3036} INFO - Sync 1 DAGs
[2025-11-02T14:48:54.361+0000] {logging_mixin.py:188} INFO - [2025-11-02T14:48:54.360+0000] {dag.py:3823} INFO - Setting next_dagrun for dag_dbt_pipeline to 2025-11-02 00:00:00+00:00, run_after=2025-11-03 00:00:00+00:00
[2025-11-02T14:48:54.603+0000] {processor.py:183} INFO - Processing /opt/airflow/dags/dag_dbt_pipeline.py took 0.549 seconds
[2025-11-02T14:49:25.046+0000] {processor.py:161} INFO - Started process (PID=5861) to work on /opt/airflow/dags/dag_dbt_pipeline.py
[2025-11-02T14:49:25.049+0000] {processor.py:830} INFO - Processing file /opt/airflow/dags/dag_dbt_pipeline.py for tasks to queue
[2025-11-02T14:49:25.051+0000] {logging_mixin.py:188} INFO - [2025-11-02T14:49:25.050+0000] {dagbag.py:538} INFO - Filling up the DagBag from /opt/airflow/dags/dag_dbt_pipeline.py
[2025-11-02T14:49:25.114+0000] {processor.py:840} INFO - DAG(s) 'dag_dbt_pipeline' retrieved from /opt/airflow/dags/dag_dbt_pipeline.py
[2025-11-02T14:49:25.256+0000] {logging_mixin.py:188} INFO - [2025-11-02T14:49:25.255+0000] {dag.py:3036} INFO - Sync 1 DAGs
[2025-11-02T14:49:25.343+0000] {logging_mixin.py:188} INFO - [2025-11-02T14:49:25.343+0000] {dag.py:3823} INFO - Setting next_dagrun for dag_dbt_pipeline to 2025-11-02 00:00:00+00:00, run_after=2025-11-03 00:00:00+00:00
[2025-11-02T14:49:25.402+0000] {processor.py:183} INFO - Processing /opt/airflow/dags/dag_dbt_pipeline.py took 0.362 seconds
[2025-11-02T14:49:55.595+0000] {processor.py:161} INFO - Started process (PID=5873) to work on /opt/airflow/dags/dag_dbt_pipeline.py
[2025-11-02T14:49:55.598+0000] {processor.py:830} INFO - Processing file /opt/airflow/dags/dag_dbt_pipeline.py for tasks to queue
[2025-11-02T14:49:55.601+0000] {logging_mixin.py:188} INFO - [2025-11-02T14:49:55.600+0000] {dagbag.py:538} INFO - Filling up the DagBag from /opt/airflow/dags/dag_dbt_pipeline.py
[2025-11-02T14:49:55.650+0000] {processor.py:840} INFO - DAG(s) 'dag_dbt_pipeline' retrieved from /opt/airflow/dags/dag_dbt_pipeline.py
[2025-11-02T14:49:55.709+0000] {logging_mixin.py:188} INFO - [2025-11-02T14:49:55.708+0000] {dag.py:3036} INFO - Sync 1 DAGs
[2025-11-02T14:49:55.749+0000] {logging_mixin.py:188} INFO - [2025-11-02T14:49:55.748+0000] {dag.py:3823} INFO - Setting next_dagrun for dag_dbt_pipeline to 2025-11-02 00:00:00+00:00, run_after=2025-11-03 00:00:00+00:00
[2025-11-02T14:49:55.838+0000] {processor.py:183} INFO - Processing /opt/airflow/dags/dag_dbt_pipeline.py took 0.251 seconds
[2025-11-02T14:50:26.565+0000] {processor.py:161} INFO - Started process (PID=5885) to work on /opt/airflow/dags/dag_dbt_pipeline.py
[2025-11-02T14:50:26.568+0000] {processor.py:830} INFO - Processing file /opt/airflow/dags/dag_dbt_pipeline.py for tasks to queue
[2025-11-02T14:50:26.570+0000] {logging_mixin.py:188} INFO - [2025-11-02T14:50:26.570+0000] {dagbag.py:538} INFO - Filling up the DagBag from /opt/airflow/dags/dag_dbt_pipeline.py
[2025-11-02T14:50:26.636+0000] {processor.py:840} INFO - DAG(s) 'dag_dbt_pipeline' retrieved from /opt/airflow/dags/dag_dbt_pipeline.py
[2025-11-02T14:50:26.712+0000] {logging_mixin.py:188} INFO - [2025-11-02T14:50:26.712+0000] {dag.py:3036} INFO - Sync 1 DAGs
[2025-11-02T14:50:26.834+0000] {logging_mixin.py:188} INFO - [2025-11-02T14:50:26.834+0000] {dag.py:3823} INFO - Setting next_dagrun for dag_dbt_pipeline to 2025-11-02 00:00:00+00:00, run_after=2025-11-03 00:00:00+00:00
[2025-11-02T14:50:26.975+0000] {processor.py:183} INFO - Processing /opt/airflow/dags/dag_dbt_pipeline.py took 0.420 seconds
[2025-11-02T14:50:57.727+0000] {processor.py:161} INFO - Started process (PID=5897) to work on /opt/airflow/dags/dag_dbt_pipeline.py
[2025-11-02T14:50:57.732+0000] {processor.py:830} INFO - Processing file /opt/airflow/dags/dag_dbt_pipeline.py for tasks to queue
[2025-11-02T14:50:57.739+0000] {logging_mixin.py:188} INFO - [2025-11-02T14:50:57.736+0000] {dagbag.py:538} INFO - Filling up the DagBag from /opt/airflow/dags/dag_dbt_pipeline.py
[2025-11-02T14:50:57.906+0000] {processor.py:840} INFO - DAG(s) 'dag_dbt_pipeline' retrieved from /opt/airflow/dags/dag_dbt_pipeline.py
[2025-11-02T14:50:57.980+0000] {logging_mixin.py:188} INFO - [2025-11-02T14:50:57.979+0000] {dag.py:3036} INFO - Sync 1 DAGs
[2025-11-02T14:50:58.055+0000] {logging_mixin.py:188} INFO - [2025-11-02T14:50:58.055+0000] {dag.py:3823} INFO - Setting next_dagrun for dag_dbt_pipeline to 2025-11-02 00:00:00+00:00, run_after=2025-11-03 00:00:00+00:00
[2025-11-02T14:50:58.117+0000] {processor.py:183} INFO - Processing /opt/airflow/dags/dag_dbt_pipeline.py took 0.665 seconds
[2025-11-02T14:51:28.391+0000] {processor.py:161} INFO - Started process (PID=5908) to work on /opt/airflow/dags/dag_dbt_pipeline.py
[2025-11-02T14:51:28.395+0000] {processor.py:830} INFO - Processing file /opt/airflow/dags/dag_dbt_pipeline.py for tasks to queue
[2025-11-02T14:51:28.397+0000] {logging_mixin.py:188} INFO - [2025-11-02T14:51:28.396+0000] {dagbag.py:538} INFO - Filling up the DagBag from /opt/airflow/dags/dag_dbt_pipeline.py
[2025-11-02T14:51:28.457+0000] {processor.py:840} INFO - DAG(s) 'dag_dbt_pipeline' retrieved from /opt/airflow/dags/dag_dbt_pipeline.py
[2025-11-02T14:51:28.541+0000] {logging_mixin.py:188} INFO - [2025-11-02T14:51:28.541+0000] {dag.py:3036} INFO - Sync 1 DAGs
[2025-11-02T14:51:28.625+0000] {logging_mixin.py:188} INFO - [2025-11-02T14:51:28.624+0000] {dag.py:3823} INFO - Setting next_dagrun for dag_dbt_pipeline to 2025-11-02 00:00:00+00:00, run_after=2025-11-03 00:00:00+00:00
[2025-11-02T14:51:28.956+0000] {processor.py:183} INFO - Processing /opt/airflow/dags/dag_dbt_pipeline.py took 0.574 seconds
[2025-11-02T14:51:59.387+0000] {processor.py:161} INFO - Started process (PID=5920) to work on /opt/airflow/dags/dag_dbt_pipeline.py
[2025-11-02T14:51:59.389+0000] {processor.py:830} INFO - Processing file /opt/airflow/dags/dag_dbt_pipeline.py for tasks to queue
[2025-11-02T14:51:59.393+0000] {logging_mixin.py:188} INFO - [2025-11-02T14:51:59.392+0000] {dagbag.py:538} INFO - Filling up the DagBag from /opt/airflow/dags/dag_dbt_pipeline.py
[2025-11-02T14:51:59.469+0000] {processor.py:840} INFO - DAG(s) 'dag_dbt_pipeline' retrieved from /opt/airflow/dags/dag_dbt_pipeline.py
[2025-11-02T14:51:59.546+0000] {logging_mixin.py:188} INFO - [2025-11-02T14:51:59.545+0000] {dag.py:3036} INFO - Sync 1 DAGs
[2025-11-02T14:51:59.630+0000] {logging_mixin.py:188} INFO - [2025-11-02T14:51:59.630+0000] {dag.py:3823} INFO - Setting next_dagrun for dag_dbt_pipeline to 2025-11-02 00:00:00+00:00, run_after=2025-11-03 00:00:00+00:00
[2025-11-02T14:51:59.753+0000] {processor.py:183} INFO - Processing /opt/airflow/dags/dag_dbt_pipeline.py took 0.377 seconds
[2025-11-02T14:52:30.171+0000] {processor.py:161} INFO - Started process (PID=5932) to work on /opt/airflow/dags/dag_dbt_pipeline.py
[2025-11-02T14:52:30.176+0000] {processor.py:830} INFO - Processing file /opt/airflow/dags/dag_dbt_pipeline.py for tasks to queue
[2025-11-02T14:52:30.180+0000] {logging_mixin.py:188} INFO - [2025-11-02T14:52:30.179+0000] {dagbag.py:538} INFO - Filling up the DagBag from /opt/airflow/dags/dag_dbt_pipeline.py
[2025-11-02T14:52:30.314+0000] {processor.py:840} INFO - DAG(s) 'dag_dbt_pipeline' retrieved from /opt/airflow/dags/dag_dbt_pipeline.py
[2025-11-02T14:52:30.464+0000] {logging_mixin.py:188} INFO - [2025-11-02T14:52:30.464+0000] {dag.py:3036} INFO - Sync 1 DAGs
[2025-11-02T14:52:30.578+0000] {logging_mixin.py:188} INFO - [2025-11-02T14:52:30.577+0000] {dag.py:3823} INFO - Setting next_dagrun for dag_dbt_pipeline to 2025-11-02 00:00:00+00:00, run_after=2025-11-03 00:00:00+00:00
[2025-11-02T14:52:30.662+0000] {processor.py:183} INFO - Processing /opt/airflow/dags/dag_dbt_pipeline.py took 0.511 seconds
[2025-11-02T14:53:00.818+0000] {processor.py:161} INFO - Started process (PID=5942) to work on /opt/airflow/dags/dag_dbt_pipeline.py
[2025-11-02T14:53:00.831+0000] {processor.py:830} INFO - Processing file /opt/airflow/dags/dag_dbt_pipeline.py for tasks to queue
[2025-11-02T14:53:00.839+0000] {logging_mixin.py:188} INFO - [2025-11-02T14:53:00.835+0000] {dagbag.py:538} INFO - Filling up the DagBag from /opt/airflow/dags/dag_dbt_pipeline.py
[2025-11-02T14:53:00.928+0000] {processor.py:840} INFO - DAG(s) 'dag_dbt_pipeline' retrieved from /opt/airflow/dags/dag_dbt_pipeline.py
[2025-11-02T14:53:01.021+0000] {logging_mixin.py:188} INFO - [2025-11-02T14:53:01.021+0000] {dag.py:3036} INFO - Sync 1 DAGs
[2025-11-02T14:53:01.099+0000] {logging_mixin.py:188} INFO - [2025-11-02T14:53:01.098+0000] {dag.py:3823} INFO - Setting next_dagrun for dag_dbt_pipeline to 2025-11-02 00:00:00+00:00, run_after=2025-11-03 00:00:00+00:00
[2025-11-02T14:53:01.158+0000] {processor.py:183} INFO - Processing /opt/airflow/dags/dag_dbt_pipeline.py took 0.359 seconds
[2025-11-02T14:53:31.664+0000] {processor.py:161} INFO - Started process (PID=5954) to work on /opt/airflow/dags/dag_dbt_pipeline.py
[2025-11-02T14:53:31.668+0000] {processor.py:830} INFO - Processing file /opt/airflow/dags/dag_dbt_pipeline.py for tasks to queue
[2025-11-02T14:53:31.671+0000] {logging_mixin.py:188} INFO - [2025-11-02T14:53:31.670+0000] {dagbag.py:538} INFO - Filling up the DagBag from /opt/airflow/dags/dag_dbt_pipeline.py
[2025-11-02T14:53:31.738+0000] {processor.py:840} INFO - DAG(s) 'dag_dbt_pipeline' retrieved from /opt/airflow/dags/dag_dbt_pipeline.py
[2025-11-02T14:53:31.855+0000] {logging_mixin.py:188} INFO - [2025-11-02T14:53:31.855+0000] {dag.py:3036} INFO - Sync 1 DAGs
[2025-11-02T14:53:31.984+0000] {logging_mixin.py:188} INFO - [2025-11-02T14:53:31.984+0000] {dag.py:3823} INFO - Setting next_dagrun for dag_dbt_pipeline to 2025-11-02 00:00:00+00:00, run_after=2025-11-03 00:00:00+00:00
[2025-11-02T14:53:32.075+0000] {processor.py:183} INFO - Processing /opt/airflow/dags/dag_dbt_pipeline.py took 0.419 seconds
[2025-11-02T14:54:02.384+0000] {processor.py:161} INFO - Started process (PID=5966) to work on /opt/airflow/dags/dag_dbt_pipeline.py
[2025-11-02T14:54:02.387+0000] {processor.py:830} INFO - Processing file /opt/airflow/dags/dag_dbt_pipeline.py for tasks to queue
[2025-11-02T14:54:02.390+0000] {logging_mixin.py:188} INFO - [2025-11-02T14:54:02.389+0000] {dagbag.py:538} INFO - Filling up the DagBag from /opt/airflow/dags/dag_dbt_pipeline.py
[2025-11-02T14:54:02.434+0000] {processor.py:840} INFO - DAG(s) 'dag_dbt_pipeline' retrieved from /opt/airflow/dags/dag_dbt_pipeline.py
[2025-11-02T14:54:02.497+0000] {logging_mixin.py:188} INFO - [2025-11-02T14:54:02.496+0000] {dag.py:3036} INFO - Sync 1 DAGs
[2025-11-02T14:54:02.562+0000] {logging_mixin.py:188} INFO - [2025-11-02T14:54:02.561+0000] {dag.py:3823} INFO - Setting next_dagrun for dag_dbt_pipeline to 2025-11-02 00:00:00+00:00, run_after=2025-11-03 00:00:00+00:00
[2025-11-02T14:54:02.614+0000] {processor.py:183} INFO - Processing /opt/airflow/dags/dag_dbt_pipeline.py took 0.241 seconds
[2025-11-02T14:54:33.517+0000] {processor.py:161} INFO - Started process (PID=5978) to work on /opt/airflow/dags/dag_dbt_pipeline.py
[2025-11-02T14:54:33.523+0000] {processor.py:830} INFO - Processing file /opt/airflow/dags/dag_dbt_pipeline.py for tasks to queue
[2025-11-02T14:54:33.527+0000] {logging_mixin.py:188} INFO - [2025-11-02T14:54:33.526+0000] {dagbag.py:538} INFO - Filling up the DagBag from /opt/airflow/dags/dag_dbt_pipeline.py
[2025-11-02T14:54:33.620+0000] {processor.py:840} INFO - DAG(s) 'dag_dbt_pipeline' retrieved from /opt/airflow/dags/dag_dbt_pipeline.py
[2025-11-02T14:54:33.706+0000] {logging_mixin.py:188} INFO - [2025-11-02T14:54:33.706+0000] {dag.py:3036} INFO - Sync 1 DAGs
[2025-11-02T14:54:33.781+0000] {logging_mixin.py:188} INFO - [2025-11-02T14:54:33.775+0000] {dag.py:3823} INFO - Setting next_dagrun for dag_dbt_pipeline to 2025-11-02 00:00:00+00:00, run_after=2025-11-03 00:00:00+00:00
[2025-11-02T14:54:33.843+0000] {processor.py:183} INFO - Processing /opt/airflow/dags/dag_dbt_pipeline.py took 0.351 seconds
[2025-11-02T14:55:04.321+0000] {processor.py:161} INFO - Started process (PID=5990) to work on /opt/airflow/dags/dag_dbt_pipeline.py
[2025-11-02T14:55:04.323+0000] {processor.py:830} INFO - Processing file /opt/airflow/dags/dag_dbt_pipeline.py for tasks to queue
[2025-11-02T14:55:04.327+0000] {logging_mixin.py:188} INFO - [2025-11-02T14:55:04.325+0000] {dagbag.py:538} INFO - Filling up the DagBag from /opt/airflow/dags/dag_dbt_pipeline.py
[2025-11-02T14:55:04.370+0000] {processor.py:840} INFO - DAG(s) 'dag_dbt_pipeline' retrieved from /opt/airflow/dags/dag_dbt_pipeline.py
[2025-11-02T14:55:04.429+0000] {logging_mixin.py:188} INFO - [2025-11-02T14:55:04.429+0000] {dag.py:3036} INFO - Sync 1 DAGs
[2025-11-02T14:55:04.483+0000] {logging_mixin.py:188} INFO - [2025-11-02T14:55:04.482+0000] {dag.py:3823} INFO - Setting next_dagrun for dag_dbt_pipeline to 2025-11-02 00:00:00+00:00, run_after=2025-11-03 00:00:00+00:00
[2025-11-02T14:55:04.834+0000] {processor.py:183} INFO - Processing /opt/airflow/dags/dag_dbt_pipeline.py took 0.522 seconds
[2025-11-02T14:55:35.230+0000] {processor.py:161} INFO - Started process (PID=6002) to work on /opt/airflow/dags/dag_dbt_pipeline.py
[2025-11-02T14:55:35.232+0000] {processor.py:830} INFO - Processing file /opt/airflow/dags/dag_dbt_pipeline.py for tasks to queue
[2025-11-02T14:55:35.235+0000] {logging_mixin.py:188} INFO - [2025-11-02T14:55:35.234+0000] {dagbag.py:538} INFO - Filling up the DagBag from /opt/airflow/dags/dag_dbt_pipeline.py
[2025-11-02T14:55:35.277+0000] {processor.py:840} INFO - DAG(s) 'dag_dbt_pipeline' retrieved from /opt/airflow/dags/dag_dbt_pipeline.py
[2025-11-02T14:55:35.327+0000] {logging_mixin.py:188} INFO - [2025-11-02T14:55:35.327+0000] {dag.py:3036} INFO - Sync 1 DAGs
[2025-11-02T14:55:35.381+0000] {logging_mixin.py:188} INFO - [2025-11-02T14:55:35.379+0000] {dag.py:3823} INFO - Setting next_dagrun for dag_dbt_pipeline to 2025-11-02 00:00:00+00:00, run_after=2025-11-03 00:00:00+00:00
[2025-11-02T14:55:35.680+0000] {processor.py:183} INFO - Processing /opt/airflow/dags/dag_dbt_pipeline.py took 0.457 seconds
[2025-11-02T14:56:06.358+0000] {processor.py:161} INFO - Started process (PID=6014) to work on /opt/airflow/dags/dag_dbt_pipeline.py
[2025-11-02T14:56:06.366+0000] {processor.py:830} INFO - Processing file /opt/airflow/dags/dag_dbt_pipeline.py for tasks to queue
[2025-11-02T14:56:06.372+0000] {logging_mixin.py:188} INFO - [2025-11-02T14:56:06.371+0000] {dagbag.py:538} INFO - Filling up the DagBag from /opt/airflow/dags/dag_dbt_pipeline.py
[2025-11-02T14:56:06.413+0000] {processor.py:840} INFO - DAG(s) 'dag_dbt_pipeline' retrieved from /opt/airflow/dags/dag_dbt_pipeline.py
[2025-11-02T14:56:06.460+0000] {logging_mixin.py:188} INFO - [2025-11-02T14:56:06.460+0000] {dag.py:3036} INFO - Sync 1 DAGs
[2025-11-02T14:56:06.504+0000] {logging_mixin.py:188} INFO - [2025-11-02T14:56:06.503+0000] {dag.py:3823} INFO - Setting next_dagrun for dag_dbt_pipeline to 2025-11-02 00:00:00+00:00, run_after=2025-11-03 00:00:00+00:00
[2025-11-02T14:56:06.624+0000] {processor.py:183} INFO - Processing /opt/airflow/dags/dag_dbt_pipeline.py took 0.289 seconds
[2025-11-02T14:56:36.804+0000] {processor.py:161} INFO - Started process (PID=6026) to work on /opt/airflow/dags/dag_dbt_pipeline.py
[2025-11-02T14:56:36.808+0000] {processor.py:830} INFO - Processing file /opt/airflow/dags/dag_dbt_pipeline.py for tasks to queue
[2025-11-02T14:56:36.815+0000] {logging_mixin.py:188} INFO - [2025-11-02T14:56:36.811+0000] {dagbag.py:538} INFO - Filling up the DagBag from /opt/airflow/dags/dag_dbt_pipeline.py
[2025-11-02T14:56:36.860+0000] {processor.py:840} INFO - DAG(s) 'dag_dbt_pipeline' retrieved from /opt/airflow/dags/dag_dbt_pipeline.py
[2025-11-02T14:56:36.911+0000] {logging_mixin.py:188} INFO - [2025-11-02T14:56:36.911+0000] {dag.py:3036} INFO - Sync 1 DAGs
[2025-11-02T14:56:36.957+0000] {logging_mixin.py:188} INFO - [2025-11-02T14:56:36.956+0000] {dag.py:3823} INFO - Setting next_dagrun for dag_dbt_pipeline to 2025-11-02 00:00:00+00:00, run_after=2025-11-03 00:00:00+00:00
[2025-11-02T14:56:37.000+0000] {processor.py:183} INFO - Processing /opt/airflow/dags/dag_dbt_pipeline.py took 0.214 seconds
[2025-11-02T14:57:08.110+0000] {processor.py:161} INFO - Started process (PID=6038) to work on /opt/airflow/dags/dag_dbt_pipeline.py
[2025-11-02T14:57:08.112+0000] {processor.py:830} INFO - Processing file /opt/airflow/dags/dag_dbt_pipeline.py for tasks to queue
[2025-11-02T14:57:08.115+0000] {logging_mixin.py:188} INFO - [2025-11-02T14:57:08.114+0000] {dagbag.py:538} INFO - Filling up the DagBag from /opt/airflow/dags/dag_dbt_pipeline.py
[2025-11-02T14:57:08.159+0000] {processor.py:840} INFO - DAG(s) 'dag_dbt_pipeline' retrieved from /opt/airflow/dags/dag_dbt_pipeline.py
[2025-11-02T14:57:08.211+0000] {logging_mixin.py:188} INFO - [2025-11-02T14:57:08.211+0000] {dag.py:3036} INFO - Sync 1 DAGs
[2025-11-02T14:57:08.257+0000] {logging_mixin.py:188} INFO - [2025-11-02T14:57:08.256+0000] {dag.py:3823} INFO - Setting next_dagrun for dag_dbt_pipeline to 2025-11-02 00:00:00+00:00, run_after=2025-11-03 00:00:00+00:00
[2025-11-02T14:57:08.294+0000] {processor.py:183} INFO - Processing /opt/airflow/dags/dag_dbt_pipeline.py took 0.192 seconds
[2025-11-02T14:57:38.633+0000] {processor.py:161} INFO - Started process (PID=6050) to work on /opt/airflow/dags/dag_dbt_pipeline.py
[2025-11-02T14:57:38.636+0000] {processor.py:830} INFO - Processing file /opt/airflow/dags/dag_dbt_pipeline.py for tasks to queue
[2025-11-02T14:57:38.638+0000] {logging_mixin.py:188} INFO - [2025-11-02T14:57:38.637+0000] {dagbag.py:538} INFO - Filling up the DagBag from /opt/airflow/dags/dag_dbt_pipeline.py
[2025-11-02T14:57:38.680+0000] {processor.py:840} INFO - DAG(s) 'dag_dbt_pipeline' retrieved from /opt/airflow/dags/dag_dbt_pipeline.py
[2025-11-02T14:57:38.735+0000] {logging_mixin.py:188} INFO - [2025-11-02T14:57:38.735+0000] {dag.py:3036} INFO - Sync 1 DAGs
[2025-11-02T14:57:38.783+0000] {logging_mixin.py:188} INFO - [2025-11-02T14:57:38.783+0000] {dag.py:3823} INFO - Setting next_dagrun for dag_dbt_pipeline to 2025-11-02 00:00:00+00:00, run_after=2025-11-03 00:00:00+00:00
[2025-11-02T14:57:38.823+0000] {processor.py:183} INFO - Processing /opt/airflow/dags/dag_dbt_pipeline.py took 0.200 seconds
[2025-11-02T14:58:09.759+0000] {processor.py:161} INFO - Started process (PID=6062) to work on /opt/airflow/dags/dag_dbt_pipeline.py
[2025-11-02T14:58:09.762+0000] {processor.py:830} INFO - Processing file /opt/airflow/dags/dag_dbt_pipeline.py for tasks to queue
[2025-11-02T14:58:09.764+0000] {logging_mixin.py:188} INFO - [2025-11-02T14:58:09.763+0000] {dagbag.py:538} INFO - Filling up the DagBag from /opt/airflow/dags/dag_dbt_pipeline.py
[2025-11-02T14:58:09.805+0000] {processor.py:840} INFO - DAG(s) 'dag_dbt_pipeline' retrieved from /opt/airflow/dags/dag_dbt_pipeline.py
[2025-11-02T14:58:09.849+0000] {logging_mixin.py:188} INFO - [2025-11-02T14:58:09.849+0000] {dag.py:3036} INFO - Sync 1 DAGs
[2025-11-02T14:58:09.900+0000] {logging_mixin.py:188} INFO - [2025-11-02T14:58:09.899+0000] {dag.py:3823} INFO - Setting next_dagrun for dag_dbt_pipeline to 2025-11-02 00:00:00+00:00, run_after=2025-11-03 00:00:00+00:00
[2025-11-02T14:58:09.936+0000] {processor.py:183} INFO - Processing /opt/airflow/dags/dag_dbt_pipeline.py took 0.186 seconds
[2025-11-02T14:58:40.951+0000] {processor.py:161} INFO - Started process (PID=6074) to work on /opt/airflow/dags/dag_dbt_pipeline.py
[2025-11-02T14:58:40.954+0000] {processor.py:830} INFO - Processing file /opt/airflow/dags/dag_dbt_pipeline.py for tasks to queue
[2025-11-02T14:58:40.962+0000] {logging_mixin.py:188} INFO - [2025-11-02T14:58:40.958+0000] {dagbag.py:538} INFO - Filling up the DagBag from /opt/airflow/dags/dag_dbt_pipeline.py
[2025-11-02T14:58:41.025+0000] {processor.py:840} INFO - DAG(s) 'dag_dbt_pipeline' retrieved from /opt/airflow/dags/dag_dbt_pipeline.py
[2025-11-02T14:58:41.150+0000] {logging_mixin.py:188} INFO - [2025-11-02T14:58:41.149+0000] {dag.py:3036} INFO - Sync 1 DAGs
[2025-11-02T14:58:41.235+0000] {logging_mixin.py:188} INFO - [2025-11-02T14:58:41.234+0000] {dag.py:3823} INFO - Setting next_dagrun for dag_dbt_pipeline to 2025-11-02 00:00:00+00:00, run_after=2025-11-03 00:00:00+00:00
[2025-11-02T14:58:41.354+0000] {processor.py:183} INFO - Processing /opt/airflow/dags/dag_dbt_pipeline.py took 0.419 seconds
[2025-11-02T14:59:11.595+0000] {processor.py:161} INFO - Started process (PID=6086) to work on /opt/airflow/dags/dag_dbt_pipeline.py
[2025-11-02T14:59:11.598+0000] {processor.py:830} INFO - Processing file /opt/airflow/dags/dag_dbt_pipeline.py for tasks to queue
[2025-11-02T14:59:11.601+0000] {logging_mixin.py:188} INFO - [2025-11-02T14:59:11.600+0000] {dagbag.py:538} INFO - Filling up the DagBag from /opt/airflow/dags/dag_dbt_pipeline.py
[2025-11-02T14:59:11.643+0000] {processor.py:840} INFO - DAG(s) 'dag_dbt_pipeline' retrieved from /opt/airflow/dags/dag_dbt_pipeline.py
[2025-11-02T14:59:11.692+0000] {logging_mixin.py:188} INFO - [2025-11-02T14:59:11.692+0000] {dag.py:3036} INFO - Sync 1 DAGs
[2025-11-02T14:59:11.735+0000] {logging_mixin.py:188} INFO - [2025-11-02T14:59:11.734+0000] {dag.py:3823} INFO - Setting next_dagrun for dag_dbt_pipeline to 2025-11-02 00:00:00+00:00, run_after=2025-11-03 00:00:00+00:00
[2025-11-02T14:59:11.773+0000] {processor.py:183} INFO - Processing /opt/airflow/dags/dag_dbt_pipeline.py took 0.189 seconds
[2025-11-02T14:59:42.894+0000] {processor.py:161} INFO - Started process (PID=6098) to work on /opt/airflow/dags/dag_dbt_pipeline.py
[2025-11-02T14:59:42.896+0000] {processor.py:830} INFO - Processing file /opt/airflow/dags/dag_dbt_pipeline.py for tasks to queue
[2025-11-02T14:59:42.897+0000] {logging_mixin.py:188} INFO - [2025-11-02T14:59:42.897+0000] {dagbag.py:538} INFO - Filling up the DagBag from /opt/airflow/dags/dag_dbt_pipeline.py
[2025-11-02T14:59:42.950+0000] {processor.py:840} INFO - DAG(s) 'dag_dbt_pipeline' retrieved from /opt/airflow/dags/dag_dbt_pipeline.py
[2025-11-02T14:59:42.997+0000] {logging_mixin.py:188} INFO - [2025-11-02T14:59:42.997+0000] {dag.py:3036} INFO - Sync 1 DAGs
[2025-11-02T14:59:43.053+0000] {logging_mixin.py:188} INFO - [2025-11-02T14:59:43.053+0000] {dag.py:3823} INFO - Setting next_dagrun for dag_dbt_pipeline to 2025-11-02 00:00:00+00:00, run_after=2025-11-03 00:00:00+00:00
[2025-11-02T14:59:43.868+0000] {processor.py:183} INFO - Processing /opt/airflow/dags/dag_dbt_pipeline.py took 0.994 seconds
[2025-11-02T15:00:14.656+0000] {processor.py:161} INFO - Started process (PID=6110) to work on /opt/airflow/dags/dag_dbt_pipeline.py
[2025-11-02T15:00:14.660+0000] {processor.py:830} INFO - Processing file /opt/airflow/dags/dag_dbt_pipeline.py for tasks to queue
[2025-11-02T15:00:14.664+0000] {logging_mixin.py:188} INFO - [2025-11-02T15:00:14.663+0000] {dagbag.py:538} INFO - Filling up the DagBag from /opt/airflow/dags/dag_dbt_pipeline.py
[2025-11-02T15:00:14.709+0000] {processor.py:840} INFO - DAG(s) 'dag_dbt_pipeline' retrieved from /opt/airflow/dags/dag_dbt_pipeline.py
[2025-11-02T15:00:14.762+0000] {logging_mixin.py:188} INFO - [2025-11-02T15:00:14.761+0000] {dag.py:3036} INFO - Sync 1 DAGs
[2025-11-02T15:00:14.824+0000] {logging_mixin.py:188} INFO - [2025-11-02T15:00:14.822+0000] {dag.py:3823} INFO - Setting next_dagrun for dag_dbt_pipeline to 2025-11-02 00:00:00+00:00, run_after=2025-11-03 00:00:00+00:00
[2025-11-02T15:00:14.891+0000] {processor.py:183} INFO - Processing /opt/airflow/dags/dag_dbt_pipeline.py took 0.244 seconds
[2025-11-02T15:00:45.270+0000] {processor.py:161} INFO - Started process (PID=6123) to work on /opt/airflow/dags/dag_dbt_pipeline.py
[2025-11-02T15:00:45.273+0000] {processor.py:830} INFO - Processing file /opt/airflow/dags/dag_dbt_pipeline.py for tasks to queue
[2025-11-02T15:00:45.275+0000] {logging_mixin.py:188} INFO - [2025-11-02T15:00:45.274+0000] {dagbag.py:538} INFO - Filling up the DagBag from /opt/airflow/dags/dag_dbt_pipeline.py
[2025-11-02T15:00:45.328+0000] {processor.py:840} INFO - DAG(s) 'dag_dbt_pipeline' retrieved from /opt/airflow/dags/dag_dbt_pipeline.py
[2025-11-02T15:00:45.383+0000] {logging_mixin.py:188} INFO - [2025-11-02T15:00:45.383+0000] {dag.py:3036} INFO - Sync 1 DAGs
[2025-11-02T15:00:45.428+0000] {logging_mixin.py:188} INFO - [2025-11-02T15:00:45.428+0000] {dag.py:3823} INFO - Setting next_dagrun for dag_dbt_pipeline to 2025-11-02 00:00:00+00:00, run_after=2025-11-03 00:00:00+00:00
[2025-11-02T15:00:45.469+0000] {processor.py:183} INFO - Processing /opt/airflow/dags/dag_dbt_pipeline.py took 0.205 seconds
[2025-11-02T15:01:15.767+0000] {processor.py:161} INFO - Started process (PID=6135) to work on /opt/airflow/dags/dag_dbt_pipeline.py
[2025-11-02T15:01:15.770+0000] {processor.py:830} INFO - Processing file /opt/airflow/dags/dag_dbt_pipeline.py for tasks to queue
[2025-11-02T15:01:15.772+0000] {logging_mixin.py:188} INFO - [2025-11-02T15:01:15.771+0000] {dagbag.py:538} INFO - Filling up the DagBag from /opt/airflow/dags/dag_dbt_pipeline.py
[2025-11-02T15:01:15.824+0000] {processor.py:840} INFO - DAG(s) 'dag_dbt_pipeline' retrieved from /opt/airflow/dags/dag_dbt_pipeline.py
[2025-11-02T15:01:15.874+0000] {logging_mixin.py:188} INFO - [2025-11-02T15:01:15.874+0000] {dag.py:3036} INFO - Sync 1 DAGs
[2025-11-02T15:01:15.919+0000] {logging_mixin.py:188} INFO - [2025-11-02T15:01:15.918+0000] {dag.py:3823} INFO - Setting next_dagrun for dag_dbt_pipeline to 2025-11-02 00:00:00+00:00, run_after=2025-11-03 00:00:00+00:00
[2025-11-02T15:01:15.959+0000] {processor.py:183} INFO - Processing /opt/airflow/dags/dag_dbt_pipeline.py took 0.200 seconds
[2025-11-02T15:01:46.831+0000] {processor.py:161} INFO - Started process (PID=6146) to work on /opt/airflow/dags/dag_dbt_pipeline.py
[2025-11-02T15:01:46.834+0000] {processor.py:830} INFO - Processing file /opt/airflow/dags/dag_dbt_pipeline.py for tasks to queue
[2025-11-02T15:01:46.836+0000] {logging_mixin.py:188} INFO - [2025-11-02T15:01:46.836+0000] {dagbag.py:538} INFO - Filling up the DagBag from /opt/airflow/dags/dag_dbt_pipeline.py
[2025-11-02T15:01:46.880+0000] {processor.py:840} INFO - DAG(s) 'dag_dbt_pipeline' retrieved from /opt/airflow/dags/dag_dbt_pipeline.py
[2025-11-02T15:01:46.931+0000] {logging_mixin.py:188} INFO - [2025-11-02T15:01:46.931+0000] {dag.py:3036} INFO - Sync 1 DAGs
[2025-11-02T15:01:46.975+0000] {logging_mixin.py:188} INFO - [2025-11-02T15:01:46.975+0000] {dag.py:3823} INFO - Setting next_dagrun for dag_dbt_pipeline to 2025-11-02 00:00:00+00:00, run_after=2025-11-03 00:00:00+00:00
[2025-11-02T15:01:47.017+0000] {processor.py:183} INFO - Processing /opt/airflow/dags/dag_dbt_pipeline.py took 0.197 seconds
[2025-11-02T15:02:17.172+0000] {processor.py:161} INFO - Started process (PID=6158) to work on /opt/airflow/dags/dag_dbt_pipeline.py
[2025-11-02T15:02:17.174+0000] {processor.py:830} INFO - Processing file /opt/airflow/dags/dag_dbt_pipeline.py for tasks to queue
[2025-11-02T15:02:17.176+0000] {logging_mixin.py:188} INFO - [2025-11-02T15:02:17.175+0000] {dagbag.py:538} INFO - Filling up the DagBag from /opt/airflow/dags/dag_dbt_pipeline.py
[2025-11-02T15:02:17.218+0000] {processor.py:840} INFO - DAG(s) 'dag_dbt_pipeline' retrieved from /opt/airflow/dags/dag_dbt_pipeline.py
[2025-11-02T15:02:17.287+0000] {logging_mixin.py:188} INFO - [2025-11-02T15:02:17.286+0000] {dag.py:3036} INFO - Sync 1 DAGs
[2025-11-02T15:02:17.370+0000] {logging_mixin.py:188} INFO - [2025-11-02T15:02:17.369+0000] {dag.py:3823} INFO - Setting next_dagrun for dag_dbt_pipeline to 2025-11-02 00:00:00+00:00, run_after=2025-11-03 00:00:00+00:00
[2025-11-02T15:02:17.416+0000] {processor.py:183} INFO - Processing /opt/airflow/dags/dag_dbt_pipeline.py took 0.251 seconds
[2025-11-02T15:02:48.414+0000] {processor.py:161} INFO - Started process (PID=6170) to work on /opt/airflow/dags/dag_dbt_pipeline.py
[2025-11-02T15:02:48.417+0000] {processor.py:830} INFO - Processing file /opt/airflow/dags/dag_dbt_pipeline.py for tasks to queue
[2025-11-02T15:02:48.419+0000] {logging_mixin.py:188} INFO - [2025-11-02T15:02:48.418+0000] {dagbag.py:538} INFO - Filling up the DagBag from /opt/airflow/dags/dag_dbt_pipeline.py
[2025-11-02T15:02:48.464+0000] {processor.py:840} INFO - DAG(s) 'dag_dbt_pipeline' retrieved from /opt/airflow/dags/dag_dbt_pipeline.py
[2025-11-02T15:02:48.521+0000] {logging_mixin.py:188} INFO - [2025-11-02T15:02:48.521+0000] {dag.py:3036} INFO - Sync 1 DAGs
[2025-11-02T15:02:48.566+0000] {logging_mixin.py:188} INFO - [2025-11-02T15:02:48.565+0000] {dag.py:3823} INFO - Setting next_dagrun for dag_dbt_pipeline to 2025-11-02 00:00:00+00:00, run_after=2025-11-03 00:00:00+00:00
[2025-11-02T15:02:48.604+0000] {processor.py:183} INFO - Processing /opt/airflow/dags/dag_dbt_pipeline.py took 0.199 seconds
[2025-11-02T15:03:19.474+0000] {processor.py:161} INFO - Started process (PID=6182) to work on /opt/airflow/dags/dag_dbt_pipeline.py
[2025-11-02T15:03:19.476+0000] {processor.py:830} INFO - Processing file /opt/airflow/dags/dag_dbt_pipeline.py for tasks to queue
[2025-11-02T15:03:19.480+0000] {logging_mixin.py:188} INFO - [2025-11-02T15:03:19.479+0000] {dagbag.py:538} INFO - Filling up the DagBag from /opt/airflow/dags/dag_dbt_pipeline.py
[2025-11-02T15:03:19.526+0000] {processor.py:840} INFO - DAG(s) 'dag_dbt_pipeline' retrieved from /opt/airflow/dags/dag_dbt_pipeline.py
[2025-11-02T15:03:19.588+0000] {logging_mixin.py:188} INFO - [2025-11-02T15:03:19.588+0000] {dag.py:3036} INFO - Sync 1 DAGs
[2025-11-02T15:03:19.648+0000] {logging_mixin.py:188} INFO - [2025-11-02T15:03:19.648+0000] {dag.py:3823} INFO - Setting next_dagrun for dag_dbt_pipeline to 2025-11-02 00:00:00+00:00, run_after=2025-11-03 00:00:00+00:00
[2025-11-02T15:03:19.716+0000] {processor.py:183} INFO - Processing /opt/airflow/dags/dag_dbt_pipeline.py took 0.251 seconds
[2025-11-02T15:03:50.413+0000] {processor.py:161} INFO - Started process (PID=6194) to work on /opt/airflow/dags/dag_dbt_pipeline.py
[2025-11-02T15:03:50.419+0000] {processor.py:830} INFO - Processing file /opt/airflow/dags/dag_dbt_pipeline.py for tasks to queue
[2025-11-02T15:03:50.423+0000] {logging_mixin.py:188} INFO - [2025-11-02T15:03:50.422+0000] {dagbag.py:538} INFO - Filling up the DagBag from /opt/airflow/dags/dag_dbt_pipeline.py
[2025-11-02T15:03:50.468+0000] {processor.py:840} INFO - DAG(s) 'dag_dbt_pipeline' retrieved from /opt/airflow/dags/dag_dbt_pipeline.py
[2025-11-02T15:03:50.525+0000] {logging_mixin.py:188} INFO - [2025-11-02T15:03:50.524+0000] {dag.py:3036} INFO - Sync 1 DAGs
[2025-11-02T15:03:50.568+0000] {logging_mixin.py:188} INFO - [2025-11-02T15:03:50.567+0000] {dag.py:3823} INFO - Setting next_dagrun for dag_dbt_pipeline to 2025-11-02 00:00:00+00:00, run_after=2025-11-03 00:00:00+00:00
[2025-11-02T15:03:50.616+0000] {processor.py:183} INFO - Processing /opt/airflow/dags/dag_dbt_pipeline.py took 0.212 seconds
[2025-11-02T15:04:21.571+0000] {processor.py:161} INFO - Started process (PID=6207) to work on /opt/airflow/dags/dag_dbt_pipeline.py
[2025-11-02T15:04:21.574+0000] {processor.py:830} INFO - Processing file /opt/airflow/dags/dag_dbt_pipeline.py for tasks to queue
[2025-11-02T15:04:21.576+0000] {logging_mixin.py:188} INFO - [2025-11-02T15:04:21.576+0000] {dagbag.py:538} INFO - Filling up the DagBag from /opt/airflow/dags/dag_dbt_pipeline.py
[2025-11-02T15:04:21.623+0000] {processor.py:840} INFO - DAG(s) 'dag_dbt_pipeline' retrieved from /opt/airflow/dags/dag_dbt_pipeline.py
[2025-11-02T15:04:21.681+0000] {logging_mixin.py:188} INFO - [2025-11-02T15:04:21.680+0000] {dag.py:3036} INFO - Sync 1 DAGs
[2025-11-02T15:04:21.730+0000] {logging_mixin.py:188} INFO - [2025-11-02T15:04:21.730+0000] {dag.py:3823} INFO - Setting next_dagrun for dag_dbt_pipeline to 2025-11-02 00:00:00+00:00, run_after=2025-11-03 00:00:00+00:00
[2025-11-02T15:04:21.769+0000] {processor.py:183} INFO - Processing /opt/airflow/dags/dag_dbt_pipeline.py took 0.210 seconds
[2025-11-02T15:04:52.192+0000] {processor.py:161} INFO - Started process (PID=6219) to work on /opt/airflow/dags/dag_dbt_pipeline.py
[2025-11-02T15:04:52.194+0000] {processor.py:830} INFO - Processing file /opt/airflow/dags/dag_dbt_pipeline.py for tasks to queue
[2025-11-02T15:04:52.197+0000] {logging_mixin.py:188} INFO - [2025-11-02T15:04:52.196+0000] {dagbag.py:538} INFO - Filling up the DagBag from /opt/airflow/dags/dag_dbt_pipeline.py
[2025-11-02T15:04:52.244+0000] {processor.py:840} INFO - DAG(s) 'dag_dbt_pipeline' retrieved from /opt/airflow/dags/dag_dbt_pipeline.py
[2025-11-02T15:04:52.299+0000] {logging_mixin.py:188} INFO - [2025-11-02T15:04:52.298+0000] {dag.py:3036} INFO - Sync 1 DAGs
[2025-11-02T15:04:52.361+0000] {logging_mixin.py:188} INFO - [2025-11-02T15:04:52.360+0000] {dag.py:3823} INFO - Setting next_dagrun for dag_dbt_pipeline to 2025-11-02 00:00:00+00:00, run_after=2025-11-03 00:00:00+00:00
[2025-11-02T15:04:52.497+0000] {processor.py:183} INFO - Processing /opt/airflow/dags/dag_dbt_pipeline.py took 0.314 seconds
[2025-11-02T15:05:23.389+0000] {processor.py:161} INFO - Started process (PID=6230) to work on /opt/airflow/dags/dag_dbt_pipeline.py
[2025-11-02T15:05:23.392+0000] {processor.py:830} INFO - Processing file /opt/airflow/dags/dag_dbt_pipeline.py for tasks to queue
[2025-11-02T15:05:23.395+0000] {logging_mixin.py:188} INFO - [2025-11-02T15:05:23.394+0000] {dagbag.py:538} INFO - Filling up the DagBag from /opt/airflow/dags/dag_dbt_pipeline.py
[2025-11-02T15:05:23.434+0000] {processor.py:840} INFO - DAG(s) 'dag_dbt_pipeline' retrieved from /opt/airflow/dags/dag_dbt_pipeline.py
[2025-11-02T15:05:23.489+0000] {logging_mixin.py:188} INFO - [2025-11-02T15:05:23.488+0000] {dag.py:3036} INFO - Sync 1 DAGs
[2025-11-02T15:05:23.535+0000] {logging_mixin.py:188} INFO - [2025-11-02T15:05:23.535+0000] {dag.py:3823} INFO - Setting next_dagrun for dag_dbt_pipeline to 2025-11-02 00:00:00+00:00, run_after=2025-11-03 00:00:00+00:00
[2025-11-02T15:05:23.613+0000] {processor.py:183} INFO - Processing /opt/airflow/dags/dag_dbt_pipeline.py took 0.232 seconds
[2025-11-02T15:05:54.339+0000] {processor.py:161} INFO - Started process (PID=6242) to work on /opt/airflow/dags/dag_dbt_pipeline.py
[2025-11-02T15:05:54.342+0000] {processor.py:830} INFO - Processing file /opt/airflow/dags/dag_dbt_pipeline.py for tasks to queue
[2025-11-02T15:05:54.344+0000] {logging_mixin.py:188} INFO - [2025-11-02T15:05:54.343+0000] {dagbag.py:538} INFO - Filling up the DagBag from /opt/airflow/dags/dag_dbt_pipeline.py
[2025-11-02T15:05:54.395+0000] {processor.py:840} INFO - DAG(s) 'dag_dbt_pipeline' retrieved from /opt/airflow/dags/dag_dbt_pipeline.py
[2025-11-02T15:05:54.457+0000] {logging_mixin.py:188} INFO - [2025-11-02T15:05:54.456+0000] {dag.py:3036} INFO - Sync 1 DAGs
[2025-11-02T15:05:54.512+0000] {logging_mixin.py:188} INFO - [2025-11-02T15:05:54.512+0000] {dag.py:3823} INFO - Setting next_dagrun for dag_dbt_pipeline to 2025-11-02 00:00:00+00:00, run_after=2025-11-03 00:00:00+00:00
[2025-11-02T15:05:54.618+0000] {processor.py:183} INFO - Processing /opt/airflow/dags/dag_dbt_pipeline.py took 0.289 seconds
[2025-11-02T15:10:28.317+0000] {processor.py:161} INFO - Started process (PID=6254) to work on /opt/airflow/dags/dag_dbt_pipeline.py
[2025-11-02T15:10:28.356+0000] {processor.py:830} INFO - Processing file /opt/airflow/dags/dag_dbt_pipeline.py for tasks to queue
[2025-11-02T15:10:28.373+0000] {logging_mixin.py:188} INFO - [2025-11-02T15:10:28.372+0000] {dagbag.py:538} INFO - Filling up the DagBag from /opt/airflow/dags/dag_dbt_pipeline.py
[2025-11-02T15:10:28.779+0000] {processor.py:840} INFO - DAG(s) 'dag_dbt_pipeline' retrieved from /opt/airflow/dags/dag_dbt_pipeline.py
[2025-11-02T15:10:28.882+0000] {logging_mixin.py:188} INFO - [2025-11-02T15:10:28.881+0000] {dag.py:3036} INFO - Sync 1 DAGs
[2025-11-02T15:10:29.036+0000] {logging_mixin.py:188} INFO - [2025-11-02T15:10:29.036+0000] {dag.py:3823} INFO - Setting next_dagrun for dag_dbt_pipeline to 2025-11-02 00:00:00+00:00, run_after=2025-11-03 00:00:00+00:00
[2025-11-02T15:10:29.161+0000] {processor.py:183} INFO - Processing /opt/airflow/dags/dag_dbt_pipeline.py took 0.878 seconds
[2025-11-02T15:10:59.610+0000] {processor.py:161} INFO - Started process (PID=6267) to work on /opt/airflow/dags/dag_dbt_pipeline.py
[2025-11-02T15:10:59.612+0000] {processor.py:830} INFO - Processing file /opt/airflow/dags/dag_dbt_pipeline.py for tasks to queue
[2025-11-02T15:10:59.615+0000] {logging_mixin.py:188} INFO - [2025-11-02T15:10:59.614+0000] {dagbag.py:538} INFO - Filling up the DagBag from /opt/airflow/dags/dag_dbt_pipeline.py
[2025-11-02T15:10:59.696+0000] {processor.py:840} INFO - DAG(s) 'dag_dbt_pipeline' retrieved from /opt/airflow/dags/dag_dbt_pipeline.py
[2025-11-02T15:10:59.812+0000] {logging_mixin.py:188} INFO - [2025-11-02T15:10:59.810+0000] {dag.py:3036} INFO - Sync 1 DAGs
[2025-11-02T15:10:59.900+0000] {logging_mixin.py:188} INFO - [2025-11-02T15:10:59.899+0000] {dag.py:3823} INFO - Setting next_dagrun for dag_dbt_pipeline to 2025-11-02 00:00:00+00:00, run_after=2025-11-03 00:00:00+00:00
[2025-11-02T15:11:00.142+0000] {processor.py:183} INFO - Processing /opt/airflow/dags/dag_dbt_pipeline.py took 0.542 seconds
